[dd.365bootstrap.com/demo/botksn/365bootstrap/RedRestaurant/index.html]
[backblue.gif]
[fade.gif]
[index.html]
[dd.365bootstrap.com/demo/botksn/365bootstrap/RedRestaurant/css/bootstrap.min.css]
[dd.365bootstrap.com/demo/botksn/365bootstrap/RedRestaurant/font-awesome/css/font-awesome.min.css]
[dd.365bootstrap.com/demo/botksn/365bootstrap/RedRestaurant/css/style.css]
[dd.365bootstrap.com/demo/botksn/365bootstrap/RedRestaurant/css/popuo-box.css]
[dd.365bootstrap.com/demo/botksn/365bootstrap/RedRestaurant/css/contact-buttons.css]
[dd.365bootstrap.com/demo/botksn/365bootstrap/RedRestaurant/js/jquery.min.js]
[dd.365bootstrap.com/demo/botksn/365bootstrap/RedRestaurant/js/modernizr.custom.min.js]
[dd.365bootstrap.com/demo/botksn/365bootstrap/RedRestaurant/js/jquery.magnific-popup.js]
[dd.365bootstrap.com/demo/botksn/365bootstrap/RedRestaurant/images/logo.png]
[dd.365bootstrap.com/demo/botksn/365bootstrap/RedRestaurant/images/1.jpg]
[dd.365bootstrap.com/demo/botksn/365bootstrap/RedRestaurant/contact.html]
[dd.365bootstrap.com/demo/botksn/365bootstrap/RedRestaurant/images/2.jpg]
[dd.365bootstrap.com/demo/botksn/365bootstrap/RedRestaurant/images/3.jpg]
[dd.365bootstrap.com/demo/botksn/365bootstrap/RedRestaurant/images/icon1.png]
[dd.365bootstrap.com/demo/botksn/365bootstrap/RedRestaurant/images/icon3.png]
[dd.365bootstrap.com/demo/botksn/365bootstrap/RedRestaurant/images/icon2.png]
[dd.365bootstrap.com/demo/botksn/365bootstrap/RedRestaurant/images/1-thumb.jpg]
[dd.365bootstrap.com/demo/botksn/365bootstrap/RedRestaurant/images/2-thumb.jpg]
[dd.365bootstrap.com/demo/botksn/365bootstrap/RedRestaurant/images/3-thumb.jpg]
[dd.365bootstrap.com/demo/botksn/365bootstrap/RedRestaurant/images/4-thumb.jpg]
[dd.365bootstrap.com/demo/botksn/365bootstrap/RedRestaurant/images/11.jpg]
[dd.365bootstrap.com/demo/botksn/365bootstrap/RedRestaurant/images/s1.jpg]
[dd.365bootstrap.com/demo/botksn/365bootstrap/RedRestaurant/images/s2.jpg]
[dd.365bootstrap.com/demo/botksn/365bootstrap/RedRestaurant/images/s3.jpg]
[dd.365bootstrap.com/demo/botksn/365bootstrap/RedRestaurant/images/s4.jpg]
[dd.365bootstrap.com/demo/botksn/365bootstrap/RedRestaurant/images/s6.jpg]
[dd.365bootstrap.com/demo/botksn/365bootstrap/RedRestaurant/images/s7.jpg]
[dd.365bootstrap.com/demo/botksn/365bootstrap/RedRestaurant/images/s8.jpg]
[dd.365bootstrap.com/demo/botksn/365bootstrap/RedRestaurant/images/s9.jpg]
[dd.365bootstrap.com/demo/botksn/365bootstrap/RedRestaurant/images/15.jpg]
[dd.365bootstrap.com/demo/botksn/365bootstrap/RedRestaurant/images/16.jpg]
[dd.365bootstrap.com/demo/botksn/365bootstrap/RedRestaurant/images/17.jpg]
[dd.365bootstrap.com/demo/botksn/365bootstrap/RedRestaurant/images/18.jpg]
[dd.365bootstrap.com/demo/botksn/365bootstrap/RedRestaurant/images/19.jpg]
[dd.365bootstrap.com/demo/botksn/365bootstrap/RedRestaurant/images/20.jpg]
[dd.365bootstrap.com/cdn-cgi/scripts/d07b1474/cloudflare-static/email-decode.min.js]
[dd.365bootstrap.com/demo/botksn/365bootstrap/RedRestaurant/js/bootstrap.min.js]
[dd.365bootstrap.com/demo/botksn/365bootstrap/RedRestaurant/js/jquery.backTop.min.js]
[dd.365bootstrap.com/demo/botksn/365bootstrap/RedRestaurant/index.html]
[dd.365bootstrap.com/demo/botksn/365bootstrap/RedRestaurant/js/jquery.contact-buttons.js]
[dd.365bootstrap.com/demo/botksn/365bootstrap/RedRestaurant/js/demo.js]
[dd.365bootstrap.com/demo/botksn/365bootstrap/RedRestaurant/images/about.jpg]
[dd.365bootstrap.com/demo/botksn/365bootstrap/RedRestaurant/images/7.jpg]
[dd.365bootstrap.com/demo/botksn/365bootstrap/RedRestaurant/images/8.jpg]
[dd.365bootstrap.com/demo/botksn/365bootstrap/RedRestaurant/images/9.jpg]
[dd.365bootstrap.com/demo/botksn/365bootstrap/RedRestaurant/images/6.jpg]
[dd.365bootstrap.com/demo/botksn/365bootstrap/RedRestaurant/contact.html]
[dd.365bootstrap.com/demo/botksn/365bootstrap/RedRestaurant/js/jquery.min.js]
[dd.365bootstrap.com/demo/botksn/365bootstrap/RedRestaurant/fonts/glyphicons-halflings-regular.eot]
[dd.365bootstrap.com/demo/botksn/365bootstrap/RedRestaurant/fonts/glyphicons-halflings-regular.woff]
[dd.365bootstrap.com/demo/botksn/365bootstrap/RedRestaurant/js/modernizr.custom.min.js]
[dd.365bootstrap.com/demo/botksn/365bootstrap/RedRestaurant/js/jquery.magnific-popup.js]
[dd.365bootstrap.com/demo/botksn/365bootstrap/RedRestaurant/images/logo.png]
[dd.365bootstrap.com/demo/botksn/365bootstrap/RedRestaurant/images/1.jpg]
[dd.365bootstrap.com/demo/botksn/365bootstrap/RedRestaurant/images/2.jpg]
[dd.365bootstrap.com/demo/botksn/365bootstrap/RedRestaurant/images/3.jpg]
[dd.365bootstrap.com/demo/botksn/365bootstrap/RedRestaurant/fonts/glyphicons-halflings-regular.30.delayed]
[dd.365bootstrap.com/demo/botksn/365bootstrap/RedRestaurant/images/icon1.png]
[dd.365bootstrap.com/demo/botksn/365bootstrap/RedRestaurant/images/icon3.png]
[dd.365bootstrap.com/demo/botksn/365bootstrap/RedRestaurant/images/icon2.png]
[dd.365bootstrap.com/demo/botksn/365bootstrap/RedRestaurant/images/1-thumb.jpg]
[dd.365bootstrap.com/demo/botksn/365bootstrap/RedRestaurant/images/3-thumb.jpg]
[dd.365bootstrap.com/demo/botksn/365bootstrap/RedRestaurant/images/2-thumb.jpg]
[dd.365bootstrap.com/demo/botksn/365bootstrap/RedRestaurant/images/4-thumb.jpg]
[dd.365bootstrap.com/demo/botksn/365bootstrap/RedRestaurant/css/bootstrap.min.css]
[dd.365bootstrap.com/demo/botksn/365bootstrap/RedRestaurant/images/11.jpg]
[dd.365bootstrap.com/demo/botksn/365bootstrap/RedRestaurant/fonts/glyphicons-halflings-regular.svg]
[dd.365bootstrap.com/demo/botksn/365bootstrap/RedRestaurant/images/s1.jpg]
[dd.365bootstrap.com/demo/botksn/365bootstrap/RedRestaurant/images/s3.jpg]
[dd.365bootstrap.com/demo/botksn/365bootstrap/RedRestaurant/images/s2.jpg]
[dd.365bootstrap.com/demo/botksn/365bootstrap/RedRestaurant/images/s4.jpg]
[dd.365bootstrap.com/demo/botksn/365bootstrap/RedRestaurant/images/s6.jpg]
[dd.365bootstrap.com/demo/botksn/365bootstrap/RedRestaurant/images/s7.jpg]
[dd.365bootstrap.com/demo/botksn/365bootstrap/RedRestaurant/images/s8.jpg]
[dd.365bootstrap.com/demo/botksn/365bootstrap/RedRestaurant/images/s9.jpg]
[dd.365bootstrap.com/demo/botksn/365bootstrap/RedRestaurant/images/15.jpg]
[dd.365bootstrap.com/demo/botksn/365bootstrap/RedRestaurant/font-awesome/fonts/fontawesome-webfontba72.eot]
[dd.365bootstrap.com/demo/botksn/365bootstrap/RedRestaurant/images/16.jpg]
[dd.365bootstrap.com/demo/botksn/365bootstrap/RedRestaurant/images/17.jpg]
[dd.365bootstrap.com/demo/botksn/365bootstrap/RedRestaurant/images/18.jpg]
[dd.365bootstrap.com/demo/botksn/365bootstrap/RedRestaurant/images/19.jpg]
[dd.365bootstrap.com/demo/botksn/365bootstrap/RedRestaurant/images/20.jpg]
[dd.365bootstrap.com/demo/botksn/365bootstrap/RedRestaurant/font-awesome/fonts/fontawesome-webfontba72.woff]
[dd.365bootstrap.com/demo/botksn/365bootstrap/RedRestaurant/font-awesome/fonts/fontawesome-webfontd41d.eot]
[dd.365bootstrap.com/demo/botksn/365bootstrap/RedRestaurant/font-awesome/fonts/fontawesome-webfontba72.ttf]
[dd.365bootstrap.com/cdn-cgi/scripts/d07b1474/cloudflare-static/email-decode.min.js]
[dd.365bootstrap.com/demo/botksn/365bootstrap/RedRestaurant/js/bootstrap.min.js]
[dd.365bootstrap.com/demo/botksn/365bootstrap/RedRestaurant/js/jquery.backTop.min.js]
[dd.365bootstrap.com/demo/botksn/365bootstrap/RedRestaurant/images/about.jpg]
[dd.365bootstrap.com/demo/botksn/365bootstrap/RedRestaurant/images/7.jpg]
[dd.365bootstrap.com/demo/botksn/365bootstrap/RedRestaurant/js/jquery.contact-buttons.js]
[dd.365bootstrap.com/demo/botksn/365bootstrap/RedRestaurant/js/demo.js]
[dd.365bootstrap.com/demo/botksn/365bootstrap/RedRestaurant/images/8.jpg]
[dd.365bootstrap.com/demo/botksn/365bootstrap/RedRestaurant/images/9.jpg]
[dd.365bootstrap.com/demo/botksn/365bootstrap/RedRestaurant/fonts/glyphicons-halflings-regular.eot]
[dd.365bootstrap.com/demo/botksn/365bootstrap/RedRestaurant/images/6.jpg]
[dd.365bootstrap.com/demo/botksn/365bootstrap/RedRestaurant/font-awesome/css/font-awesome.min.css]
[dd.365bootstrap.com/demo/botksn/365bootstrap/RedRestaurant/fonts/glyphicons-halflings-regular.woff]
[dd.365bootstrap.com/demo/botksn/365bootstrap/RedRestaurant/fonts/glyphicons-halflings-regular.ttf]
[dd.365bootstrap.com/demo/botksn/365bootstrap/RedRestaurant/font-awesome/fonts/fontawesome-webfontba72.svg]
[dd.365bootstrap.com/demo/botksn/365bootstrap/RedRestaurant/fonts/glyphicons-halflings-regulard41d.eot]
[dd.365bootstrap.com/demo/botksn/365bootstrap/RedRestaurant/images/uparr-48-b.png]
[dd.365bootstrap.com/demo/botksn/365bootstrap/RedRestaurant/images/uparr-48-w.png]
[dd.365bootstrap.com/demo/botksn/365bootstrap/RedRestaurant/css/style.css]
[dd.365bootstrap.com/demo/botksn/365bootstrap/RedRestaurant/images/uparr-48-b.png]
[dd.365bootstrap.com/demo/botksn/365bootstrap/RedRestaurant/css/popuo-box.css]
[dd.365bootstrap.com/demo/botksn/365bootstrap/RedRestaurant/css/contact-buttons.css]
[dd.365bootstrap.com/demo/botksn/365bootstrap/RedRestaurant/images/uparr-48-w.png]
[dd.365bootstrap.com/demo/botksn/365bootstrap/RedRestaurant/contact.html]
[dd.365bootstrap.com/demo/botksn/365bootstrap/RedRestaurant/fonts/glyphicons-halflings-regular.svg]
[dd.365bootstrap.com/demo/botksn/365bootstrap/RedRestaurant/font-awesome/fonts/fontawesome-webfontba72.svg]
