[webapplayers.com/homer_admin-v2.0/index.html]
[backblue.gif]
[fade.gif]
[index.html]
[webapplayers.com/homer_admin-v2.0/vendor/fontawesome/css/font-awesome.css]
[webapplayers.com/homer_admin-v2.0/vendor/metisMenu/dist/metisMenu.css]
[webapplayers.com/homer_admin-v2.0/vendor/animate.css/animate.css]
[webapplayers.com/homer_admin-v2.0/vendor/bootstrap/dist/css/bootstrap.css]
[webapplayers.com/homer_admin-v2.0/fonts/pe-icon-7-stroke/css/pe-icon-7-stroke.css]
[webapplayers.com/homer_admin-v2.0/fonts/pe-icon-7-stroke/css/helper.css]
[webapplayers.com/homer_admin-v2.0/images/light-skin.png]
[webapplayers.com/homer_admin-v2.0/styles/style.css]
[webapplayers.com/homer_admin-v2.0/light-shadow/index.html]
[webapplayers.com/homer_admin-v2.0/login.html]
[webapplayers.com/homer_admin-v2.0/profile.html]
[webapplayers.com/homer_admin-v2.0/projects.html]
[webapplayers.com/homer_admin-v2.0/mailbox.html]
[webapplayers.com/homer_admin-v2.0/contacts.html]
[webapplayers.com/homer_admin-v2.0/forum.html]
[webapplayers.com/homer_admin-v2.0/analytics.html]
[webapplayers.com/homer_admin-v2.0/file_manager.html]
[webapplayers.com/homer_admin-v2.0/images/profile.jpg]
[webapplayers.com/homer_admin-v2.0/index-2.html]
[webapplayers.com/homer_admin-v2.0/panels.html]
[webapplayers.com/homer_admin-v2.0/typography.html]
[webapplayers.com/homer_admin-v2.0/buttons.html]
[webapplayers.com/homer_admin-v2.0/components.html]
[webapplayers.com/homer_admin-v2.0/alerts.html]
[webapplayers.com/homer_admin-v2.0/modals.html]
[webapplayers.com/homer_admin-v2.0/loading_buttons.html]
[webapplayers.com/homer_admin-v2.0/draggable.html]
[webapplayers.com/homer_admin-v2.0/code_editor.html]
[webapplayers.com/homer_admin-v2.0/email_template.html]
[webapplayers.com/homer_admin-v2.0/nestable_list.html]
[webapplayers.com/homer_admin-v2.0/tour.html]
[webapplayers.com/homer_admin-v2.0/icons.html]
[webapplayers.com/homer_admin-v2.0/project.html]
[webapplayers.com/homer_admin-v2.0/app_plans.html]
[webapplayers.com/homer_admin-v2.0/social_board.html]
[webapplayers.com/homer_admin-v2.0/faq.html]
[webapplayers.com/homer_admin-v2.0/timeline.html]
[webapplayers.com/homer_admin-v2.0/notes.html]
[webapplayers.com/homer_admin-v2.0/mailbox_compose.html]
[webapplayers.com/homer_admin-v2.0/mailbox_view.html]
[webapplayers.com/homer_admin-v2.0/blog.html]
[webapplayers.com/homer_admin-v2.0/blog_details.html]
[webapplayers.com/homer_admin-v2.0/forum_details.html]
[webapplayers.com/homer_admin-v2.0/gallery.html]
[webapplayers.com/homer_admin-v2.0/calendar.html]
[webapplayers.com/homer_admin-v2.0/invoice.html]
[webapplayers.com/homer_admin-v2.0/chat_view.html]
[webapplayers.com/homer_admin-v2.0/search.html]
[webapplayers.com/homer_admin-v2.0/chartjs.html]
[webapplayers.com/homer_admin-v2.0/flot.html]
[webapplayers.com/homer_admin-v2.0/inline.html]
[webapplayers.com/homer_admin-v2.0/chartist.html]
[webapplayers.com/homer_admin-v2.0/c3.html]
[webapplayers.com/homer_admin-v2.0/overview.html]
[webapplayers.com/homer_admin-v2.0/transition_two.html]
[webapplayers.com/homer_admin-v2.0/transition_one.html]
[webapplayers.com/homer_admin-v2.0/transition_three.html]
[webapplayers.com/homer_admin-v2.0/transition_four.html]
[webapplayers.com/homer_admin-v2.0/transition_five.html]
[webapplayers.com/homer_admin-v2.0/register.html]
[webapplayers.com/homer_admin-v2.0/error_one.html]
[webapplayers.com/homer_admin-v2.0/error_two.html]
[webapplayers.com/homer_admin-v2.0/lock.html]
[webapplayers.com/homer_admin-v2.0/password_recovery.html]
[webapplayers.com/homer_admin-v2.0/tables_design.html]
[webapplayers.com/homer_admin-v2.0/datatables.html]
[webapplayers.com/homer_admin-v2.0/footable.html]
[webapplayers.com/homer_admin-v2.0/widgets.html]
[webapplayers.com/homer_admin-v2.0/forms_elements.html]
[webapplayers.com/homer_admin-v2.0/forms_extended.html]
[webapplayers.com/homer_admin-v2.0/text_editor.html]
[webapplayers.com/homer_admin-v2.0/wizard.html]
[webapplayers.com/homer_admin-v2.0/options.html]
[webapplayers.com/homer_admin-v2.0/validation.html]
[webapplayers.com/homer_admin-v2.0/grid_system.html]
[webapplayers.com/homer_admin-v2.0/landing_page.html]
[webapplayers.com/homer_admin-v2.0/package.html]
[webapplayers.com/homer_admin-v2.0/images/a1.jpg]
[webapplayers.com/homer_admin-v2.0/images/a3.jpg]
[webapplayers.com/homer_admin-v2.0/images/a4.jpg]
[webapplayers.com/homer_admin-v2.0/vendor/slimScroll/jquery.slimscroll.min.js]
[webapplayers.com/homer_admin-v2.0/vendor/bootstrap/dist/js/bootstrap.min.js]
[webapplayers.com/homer_admin-v2.0/vendor/jquery/dist/jquery.min.js]
[webapplayers.com/homer_admin-v2.0/vendor/jquery-flot/jquery.flot.resize.js]
[webapplayers.com/homer_admin-v2.0/vendor/jquery-flot/jquery.flot.js]
[webapplayers.com/homer_admin-v2.0/vendor/jquery-flot/jquery.flot.pie.js]
[webapplayers.com/homer_admin-v2.0/vendor/flot.curvedlines/curvedLines.js]
[webapplayers.com/homer_admin-v2.0/vendor/jquery.flot.spline/index.js]
[webapplayers.com/homer_admin-v2.0/vendor/metisMenu/dist/metisMenu.min.js]
[webapplayers.com/homer_admin-v2.0/vendor/iCheck/icheck.min.js]
[webapplayers.com/homer_admin-v2.0/vendor/peity/jquery.peity.min.js]
[webapplayers.com/homer_admin-v2.0/vendor/jquery-ui/jquery-ui.min.js]
[webapplayers.com/homer_admin-v2.0/scripts/homer.js]
[webapplayers.com/homer_admin-v2.0/vendor/sparkline/index.js]
[webapplayers.com/homer_admin-v2.0/scripts/charts.js]
[www.google-analytics.com/analytics.js]
[webapplayers.com/homer_admin-v2.0/index.html]
[webapplayers.com/homer_admin-v2.0/light-shadow/vendor/fontawesome/css/font-awesome.css]
[webapplayers.com/homer_admin-v2.0/light-shadow/vendor/metisMenu/dist/metisMenu.css]
[webapplayers.com/homer_admin-v2.0/light-shadow/vendor/animate.css/animate.css]
[webapplayers.com/homer_admin-v2.0/light-shadow/vendor/bootstrap/dist/css/bootstrap.css]
[webapplayers.com/homer_admin-v2.0/light-shadow/fonts/pe-icon-7-stroke/css/pe-icon-7-stroke.css]
[webapplayers.com/homer_admin-v2.0/light-shadow/fonts/pe-icon-7-stroke/css/helper.css]
[webapplayers.com/homer_admin-v2.0/light-shadow/styles/style.css]
[webapplayers.com/homer_admin-v2.0/light-shadow/login.html]
[webapplayers.com/homer_admin-v2.0/light-shadow/profile.html]
[webapplayers.com/homer_admin-v2.0/light-shadow/projects.html]
[webapplayers.com/homer_admin-v2.0/light-shadow/mailbox.html]
[webapplayers.com/homer_admin-v2.0/light-shadow/contacts.html]
[webapplayers.com/homer_admin-v2.0/light-shadow/forum.html]
[webapplayers.com/homer_admin-v2.0/light-shadow/analytics.html]
[webapplayers.com/homer_admin-v2.0/light-shadow/file_manager.html]
[webapplayers.com/homer_admin-v2.0/light-shadow/index-2.html]
[webapplayers.com/homer_admin-v2.0/light-shadow/images/profile.jpg]
[webapplayers.com/homer_admin-v2.0/light-shadow/panels.html]
[webapplayers.com/homer_admin-v2.0/light-shadow/typography.html]
[webapplayers.com/homer_admin-v2.0/light-shadow/buttons.html]
[webapplayers.com/homer_admin-v2.0/light-shadow/components.html]
[webapplayers.com/homer_admin-v2.0/light-shadow/alerts.html]
[webapplayers.com/homer_admin-v2.0/light-shadow/modals.html]
[webapplayers.com/homer_admin-v2.0/light-shadow/loading_buttons.html]
[webapplayers.com/homer_admin-v2.0/light-shadow/draggable.html]
[webapplayers.com/homer_admin-v2.0/light-shadow/code_editor.html]
[webapplayers.com/homer_admin-v2.0/light-shadow/email_template.html]
[webapplayers.com/homer_admin-v2.0/light-shadow/nestable_list.html]
[webapplayers.com/homer_admin-v2.0/light-shadow/tour.html]
[webapplayers.com/homer_admin-v2.0/light-shadow/icons.html]
[webapplayers.com/homer_admin-v2.0/light-shadow/project.html]
[webapplayers.com/homer_admin-v2.0/light-shadow/app_plans.html]
[webapplayers.com/homer_admin-v2.0/light-shadow/social_board.html]
[webapplayers.com/homer_admin-v2.0/light-shadow/faq.html]
[webapplayers.com/homer_admin-v2.0/light-shadow/timeline.html]
[webapplayers.com/homer_admin-v2.0/light-shadow/notes.html]
[webapplayers.com/homer_admin-v2.0/light-shadow/mailbox_compose.html]
[webapplayers.com/homer_admin-v2.0/light-shadow/mailbox_view.html]
[webapplayers.com/homer_admin-v2.0/light-shadow/blog.html]
[webapplayers.com/homer_admin-v2.0/light-shadow/blog_details.html]
[webapplayers.com/homer_admin-v2.0/light-shadow/forum_details.html]
[webapplayers.com/homer_admin-v2.0/light-shadow/gallery.html]
[webapplayers.com/homer_admin-v2.0/light-shadow/calendar.html]
[webapplayers.com/homer_admin-v2.0/light-shadow/invoice.html]
[webapplayers.com/homer_admin-v2.0/light-shadow/chat_view.html]
[webapplayers.com/homer_admin-v2.0/light-shadow/search.html]
[webapplayers.com/homer_admin-v2.0/light-shadow/chartjs.html]
[webapplayers.com/homer_admin-v2.0/light-shadow/flot.html]
[webapplayers.com/homer_admin-v2.0/light-shadow/inline.html]
[webapplayers.com/homer_admin-v2.0/light-shadow/chartist.html]
[webapplayers.com/homer_admin-v2.0/light-shadow/c3.html]
[webapplayers.com/homer_admin-v2.0/light-shadow/overview.html]
[webapplayers.com/homer_admin-v2.0/light-shadow/transition_two.html]
[webapplayers.com/homer_admin-v2.0/light-shadow/transition_one.html]
[webapplayers.com/homer_admin-v2.0/light-shadow/transition_three.html]
[webapplayers.com/homer_admin-v2.0/light-shadow/transition_four.html]
[webapplayers.com/homer_admin-v2.0/light-shadow/transition_five.html]
[webapplayers.com/homer_admin-v2.0/light-shadow/register.html]
[webapplayers.com/homer_admin-v2.0/light-shadow/error_one.html]
[webapplayers.com/homer_admin-v2.0/light-shadow/error_two.html]
[webapplayers.com/homer_admin-v2.0/light-shadow/lock.html]
[webapplayers.com/homer_admin-v2.0/light-shadow/password_recovery.html]
[webapplayers.com/homer_admin-v2.0/light-shadow/tables_design.html]
[webapplayers.com/homer_admin-v2.0/light-shadow/datatables.html]
[webapplayers.com/homer_admin-v2.0/light-shadow/footable.html]
[webapplayers.com/homer_admin-v2.0/light-shadow/widgets.html]
[webapplayers.com/homer_admin-v2.0/light-shadow/forms_elements.html]
[webapplayers.com/homer_admin-v2.0/light-shadow/forms_extended.html]
[webapplayers.com/homer_admin-v2.0/light-shadow/text_editor.html]
[webapplayers.com/homer_admin-v2.0/light-shadow/wizard.html]
[webapplayers.com/homer_admin-v2.0/light-shadow/validation.html]
[webapplayers.com/homer_admin-v2.0/light-shadow/options.html]
[webapplayers.com/homer_admin-v2.0/light-shadow/grid_system.html]
[webapplayers.com/homer_admin-v2.0/light-shadow/images/a1.jpg]
[webapplayers.com/homer_admin-v2.0/light-shadow/landing_page.html]
[webapplayers.com/homer_admin-v2.0/light-shadow/package.html]
[webapplayers.com/homer_admin-v2.0/light-shadow/images/a3.jpg]
[webapplayers.com/homer_admin-v2.0/light-shadow/images/a4.jpg]
[webapplayers.com/homer_admin-v2.0/light-shadow/vendor/slimScroll/jquery.slimscroll.min.js]
[webapplayers.com/homer_admin-v2.0/light-shadow/vendor/bootstrap/dist/js/bootstrap.min.js]
[webapplayers.com/homer_admin-v2.0/light-shadow/vendor/jquery/dist/jquery.min.js]
[webapplayers.com/homer_admin-v2.0/light-shadow/vendor/jquery-flot/jquery.flot.resize.js]
[webapplayers.com/homer_admin-v2.0/light-shadow/vendor/jquery-flot/jquery.flot.js]
[webapplayers.com/homer_admin-v2.0/light-shadow/vendor/jquery-flot/jquery.flot.pie.js]
[webapplayers.com/homer_admin-v2.0/light-shadow/vendor/flot.curvedlines/curvedLines.js]
[webapplayers.com/homer_admin-v2.0/light-shadow/vendor/jquery.flot.spline/index.js]
[webapplayers.com/homer_admin-v2.0/light-shadow/vendor/metisMenu/dist/metisMenu.min.js]
[webapplayers.com/homer_admin-v2.0/light-shadow/vendor/iCheck/icheck.min.js]
[webapplayers.com/homer_admin-v2.0/light-shadow/vendor/peity/jquery.peity.min.js]
[webapplayers.com/homer_admin-v2.0/light-shadow/scripts/charts.js]
[webapplayers.com/homer_admin-v2.0/light-shadow/scripts/homer.js]
[webapplayers.com/homer_admin-v2.0/light-shadow/index.html]
[webapplayers.com/homer_admin-v2.0/login.html]
[webapplayers.com/homer_admin-v2.0/light-shadow/vendor/jquery-ui/jquery-ui.min.js]
[webapplayers.com/homer_admin-v2.0/light-shadow/vendor/sparkline/index.js]
[webapplayers.com/homer_admin-v2.0/images/a2.jpg]
[webapplayers.com/homer_admin-v2.0/images/a5.jpg]
[webapplayers.com/homer_admin-v2.0/profile.html]
[webapplayers.com/homer_admin-v2.0/images/a6.jpg]
[webapplayers.com/homer_admin-v2.0/images/a7.jpg]
[webapplayers.com/homer_admin-v2.0/images/a8.jpg]
[webapplayers.com/homer_admin-v2.0/projects.html]
[webapplayers.com/homer_admin-v2.0/vendor/awesome-bootstrap-checkbox/awesome-bootstrap-checkbox.css]
[webapplayers.com/homer_admin-v2.0/mailbox.html]
[webapplayers.com/homer_admin-v2.0/styles/static_custom.css]
[webapplayers.com/homer_admin-v2.0/images/a9.jpg]
[webapplayers.com/homer_admin-v2.0/contacts.html]
[webapplayers.com/homer_admin-v2.0/forum.html]
[webapplayers.com/homer_admin-v2.0/analytics.html]
[webapplayers.com/homer_admin-v2.0/file_manager.html]
[webapplayers.com/homer_admin-v2.0/index-2.html]
[webapplayers.com/homer_admin-v2.0/panels.html]
[webapplayers.com/homer_admin-v2.0/typography.html]
[webapplayers.com/homer_admin-v2.0/buttons.html]
[webapplayers.com/homer_admin-v2.0/vendor/bootstrap-star-rating/css/star-rating.css]
[webapplayers.com/homer_admin-v2.0/components.html]
[webapplayers.com/homer_admin-v2.0/vendor/bootstrap-star-rating/js/star-rating.min.js]
[webapplayers.com/homer_admin-v2.0/vendor/sweetalert/lib/sweet-alert.css]
[webapplayers.com/homer_admin-v2.0/vendor/toastr/build/toastr.min.css]
[webapplayers.com/homer_admin-v2.0/vendor/sweetalert/lib/sweet-alert.min.js]
[webapplayers.com/homer_admin-v2.0/alerts.html]
[webapplayers.com/homer_admin-v2.0/modals.html]
[webapplayers.com/homer_admin-v2.0/vendor/toastr/build/toastr.min.js]
[webapplayers.com/homer_admin-v2.0/vendor/ladda/dist/ladda-themeless.min.css]
[webapplayers.com/homer_admin-v2.0/vendor/ladda/dist/spin.min.js]
[webapplayers.com/homer_admin-v2.0/vendor/ladda/dist/ladda.min.js]
[webapplayers.com/homer_admin-v2.0/loading_buttons.html]
[webapplayers.com/homer_admin-v2.0/vendor/ladda/dist/ladda.jquery.min.js]
[webapplayers.com/homer_admin-v2.0/draggable.html]
[webapplayers.com/homer_admin-v2.0/vendor/jquery-ui/themes/base/all.css]
[webapplayers.com/homer_admin-v2.0/vendor/codemirror/style/codemirror.css]
[webapplayers.com/homer_admin-v2.0/code_editor.html]
[webapplayers.com/homer_admin-v2.0/email_template.html]
[webapplayers.com/homer_admin-v2.0/nestable_list.html]
[webapplayers.com/homer_admin-v2.0/vendor/codemirror/javascript.js]
[webapplayers.com/homer_admin-v2.0/vendor/nestable/jquery.nestable.js]
[webapplayers.com/homer_admin-v2.0/vendor/bootstrap-tour/build/css/bootstrap-tour.min.css]
[webapplayers.com/homer_admin-v2.0/tour.html]
[webapplayers.com/homer_admin-v2.0/icons.html]
[webapplayers.com/homer_admin-v2.0/project.html]
[webapplayers.com/homer_admin-v2.0/app_plans.html]
[webapplayers.com/homer_admin-v2.0/images/p2.jpg]
[webapplayers.com/homer_admin-v2.0/vendor/bootstrap-tour/build/js/bootstrap-tour.min.js]
[webapplayers.com/homer_admin-v2.0/social_board.html]
[webapplayers.com/homer_admin-v2.0/faq.html]
[webapplayers.com/homer_admin-v2.0/timeline.html]
[webapplayers.com/homer_admin-v2.0/notes.html]
[webapplayers.com/homer_admin-v2.0/vendor/codemirror/script/codemirror.js]
[webapplayers.com/homer_admin-v2.0/vendor/summernote/dist/summernote.css]
[webapplayers.com/homer_admin-v2.0/vendor/summernote/dist/summernote-bs3.css]
[webapplayers.com/homer_admin-v2.0/images/loading-bars.svg]
[webapplayers.com/homer_admin-v2.0/mailbox_compose.html]
[webapplayers.com/homer_admin-v2.0/mailbox_view.html]
[webapplayers.com/homer_admin-v2.0/images/p1.jpg]
[webapplayers.com/homer_admin-v2.0/vendor/chartjs/Chart.min.js]
[webapplayers.com/homer_admin-v2.0/blog.html]
[webapplayers.com/homer_admin-v2.0/blog_details.html]
[webapplayers.com/homer_admin-v2.0/forum_details.html]
[webapplayers.com/homer_admin-v2.0/vendor/summernote/dist/summernote.min.js]
[webapplayers.com/homer_admin-v2.0/vendor/blueimp-gallery/css/blueimp-gallery.min.css]
[webapplayers.com/homer_admin-v2.0/images/gallery/1.jpg]
[webapplayers.com/homer_admin-v2.0/images/gallery/1s.jpg]
[webapplayers.com/homer_admin-v2.0/images/gallery/2.jpg]
[webapplayers.com/homer_admin-v2.0/images/gallery/2s.jpg]
[webapplayers.com/homer_admin-v2.0/images/gallery/3.jpg]
[webapplayers.com/homer_admin-v2.0/images/gallery/3s.jpg]
[webapplayers.com/homer_admin-v2.0/images/gallery/4.jpg]
[webapplayers.com/homer_admin-v2.0/images/gallery/4s.jpg]
[webapplayers.com/homer_admin-v2.0/images/gallery/5.jpg]
[webapplayers.com/homer_admin-v2.0/images/gallery/5s.jpg]
[webapplayers.com/homer_admin-v2.0/images/gallery/6.jpg]
[webapplayers.com/homer_admin-v2.0/images/gallery/6s.jpg]
[webapplayers.com/homer_admin-v2.0/images/gallery/7.jpg]
[webapplayers.com/homer_admin-v2.0/images/gallery/7s.jpg]
[webapplayers.com/homer_admin-v2.0/images/gallery/8.jpg]
[webapplayers.com/homer_admin-v2.0/images/gallery/8s.jpg]
[webapplayers.com/homer_admin-v2.0/images/gallery/9.jpg]
[webapplayers.com/homer_admin-v2.0/images/gallery/9s.jpg]
[webapplayers.com/homer_admin-v2.0/images/gallery/10.jpg]
[webapplayers.com/homer_admin-v2.0/images/gallery/10s.jpg]
[webapplayers.com/homer_admin-v2.0/vendor/blueimp-gallery/js/jquery.blueimp-gallery.min.js]
[webapplayers.com/homer_admin-v2.0/gallery.html]
[webapplayers.com/homer_admin-v2.0/vendor/fullcalendar/dist/fullcalendar.print.css]
[webapplayers.com/homer_admin-v2.0/vendor/fullcalendar/dist/fullcalendar.min.css]
[webapplayers.com/homer_admin-v2.0/calendar.html]
[webapplayers.com/homer_admin-v2.0/invoice.html]
[webapplayers.com/homer_admin-v2.0/chat_view.html]
[webapplayers.com/homer_admin-v2.0/vendor/moment/min/moment.min.js]
[webapplayers.com/homer_admin-v2.0/vendor/select2-3.5.2/select2.css]
[webapplayers.com/homer_admin-v2.0/vendor/select2-bootstrap/select2-bootstrap.css]
[webapplayers.com/homer_admin-v2.0/vendor/bootstrap-touchspin/dist/jquery.bootstrap-touchspin.min.css]
[webapplayers.com/homer_admin-v2.0/vendor/bootstrap-datepicker-master/dist/css/bootstrap-datepicker3.min.css]
[webapplayers.com/homer_admin-v2.0/vendor/fullcalendar/dist/fullcalendar.min.js]
[webapplayers.com/homer_admin-v2.0/search.html]
[webapplayers.com/homer_admin-v2.0/vendor/bootstrap-touchspin/dist/jquery.bootstrap-touchspin.min.js]
[webapplayers.com/homer_admin-v2.0/chartjs.html]
[webapplayers.com/homer_admin-v2.0/flot.html]
[webapplayers.com/homer_admin-v2.0/inline.html]
[webapplayers.com/homer_admin-v2.0/vendor/bootstrap-datepicker-master/dist/js/bootstrap-datepicker.min.js]
[webapplayers.com/homer_admin-v2.0/vendor/moment/moment.js]
[webapplayers.com/homer_admin-v2.0/vendor/chartist/custom/chartist.css]
[webapplayers.com/homer_admin-v2.0/vendor/select2-3.5.2/select2.min.js]
[webapplayers.com/homer_admin-v2.0/chartist.html]
[webapplayers.com/homer_admin-v2.0/vendor/chartist/dist/chartist.min.js]
[webapplayers.com/homer_admin-v2.0/vendor/c3/c3.min.css]
[webapplayers.com/homer_admin-v2.0/c3.html]
[webapplayers.com/homer_admin-v2.0/overview.html]
[webapplayers.com/homer_admin-v2.0/transition_two.html]
[webapplayers.com/homer_admin-v2.0/transition_one.html]
[webapplayers.com/homer_admin-v2.0/transition_three.html]
[webapplayers.com/homer_admin-v2.0/transition_four.html]
[webapplayers.com/homer_admin-v2.0/transition_five.html]
[webapplayers.com/homer_admin-v2.0/register.html]
[webapplayers.com/homer_admin-v2.0/error_one.html]
[webapplayers.com/homer_admin-v2.0/error_two.html]
[webapplayers.com/homer_admin-v2.0/lock.html]
[webapplayers.com/homer_admin-v2.0/password_recovery.html]
[webapplayers.com/homer_admin-v2.0/tables_design.html]
[webapplayers.com/homer_admin-v2.0/vendor/datatables.net-bs/css/dataTables.bootstrap.min.css]
[webapplayers.com/homer_admin-v2.0/vendor/datatables.net-bs/js/dataTables.bootstrap.min.js]
[webapplayers.com/homer_admin-v2.0/vendor/d3/d3.min.js]
[webapplayers.com/homer_admin-v2.0/vendor/c3/c3.min.js]
[webapplayers.com/homer_admin-v2.0/vendor/datatables/media/js/jquery.dataTables.min.js]
[webapplayers.com/homer_admin-v2.0/vendor/datatables.net-buttons/js/buttons.print.min.js]
[webapplayers.com/homer_admin-v2.0/vendor/datatables.net-buttons/js/buttons.html5.min.js]
[webapplayers.com/homer_admin-v2.0/datatables.html]
[webapplayers.com/homer_admin-v2.0/vendor/datatables.net-buttons-bs/js/buttons.bootstrap.min.js]
[webapplayers.com/homer_admin-v2.0/vendor/datatables.net-buttons/js/dataTables.buttons.min.js]
[webapplayers.com/homer_admin-v2.0/vendor/fooTable/css/footable.core.min.css]
[webapplayers.com/homer_admin-v2.0/footable.html]
[webapplayers.com/homer_admin-v2.0/widgets.html]
[webapplayers.com/homer_admin-v2.0/forms_elements.html]
[webapplayers.com/homer_admin-v2.0/vendor/xeditable/bootstrap3-editable/css/bootstrap-editable.css]
[webapplayers.com/homer_admin-v2.0/vendor/fooTable/dist/footable.all.min.js]
[webapplayers.com/homer_admin-v2.0/vendor/clockpicker/dist/bootstrap-clockpicker.min.css]
[webapplayers.com/homer_admin-v2.0/vendor/eonasdan-bootstrap-datetimepicker/build/css/bootstrap-datetimepicker.min.css]
[webapplayers.com/homer_admin-v2.0/vendor/clockpicker/dist/bootstrap-clockpicker.min.js]
[webapplayers.com/homer_admin-v2.0/vendor/pdfmake/build/pdfmake.min.js]
[webapplayers.com/homer_admin-v2.0/forms_extended.html]
[webapplayers.com/homer_admin-v2.0/text_editor.html]
[webapplayers.com/homer_admin-v2.0/wizard.html]
[webapplayers.com/homer_admin-v2.0/vendor/xeditable/bootstrap3-editable/js/bootstrap-editable.min.js]
[webapplayers.com/homer_admin-v2.0/validation.html]
[webapplayers.com/homer_admin-v2.0/options.html]
[webapplayers.com/homer_admin-v2.0/grid_system.html]
[webapplayers.com/homer_admin-v2.0/vendor/eonasdan-bootstrap-datetimepicker/build/js/bootstrap-datetimepicker.min.js]
[webapplayers.com/homer_admin-v2.0/images/landing/c1.jpg]
[webapplayers.com/homer_admin-v2.0/images/landing/c2.jpg]
[webapplayers.com/homer_admin-v2.0/vendor/jquery-validation/jquery.validate.min.js]
[webapplayers.com/homer_admin-v2.0/images/landing/c3.jpg]
[webapplayers.com/homer_admin-v2.0/images/landing/c4.jpg]
[webapplayers.com/homer_admin-v2.0/images/landing/c5.jpg]
[webapplayers.com/homer_admin-v2.0/images/landing/c6.jpg]
[webapplayers.com/homer_admin-v2.0/images/landing/c7.jpg]
[webapplayers.com/homer_admin-v2.0/images/landing/c8.jpg]
[webapplayers.com/homer_admin-v2.0/images/landing/s2.png]
[webapplayers.com/homer_admin-v2.0/images/landing/s4.png]
[webapplayers.com/homer_admin-v2.0/images/landing/s1.png]
[webapplayers.com/homer_admin-v2.0/images/landing/s3.png]
[webapplayers.com/homer_admin-v2.0/landing_page.html]
[webapplayers.com/homer_admin-v2.0/package.html]
[webapplayers.com/homer_admin-v2.0/light-shadow/login.html]
[webapplayers.com/homer_admin-v2.0/light-shadow/images/a2.jpg]
[webapplayers.com/homer_admin-v2.0/vendor/pdfmake/build/vfs_fonts.js]
[webapplayers.com/homer_admin-v2.0/light-shadow/images/a5.jpg]
[webapplayers.com/homer_admin-v2.0/light-shadow/images/a6.jpg]
[webapplayers.com/homer_admin-v2.0/light-shadow/profile.html]
[webapplayers.com/homer_admin-v2.0/light-shadow/images/a7.jpg]
[webapplayers.com/homer_admin-v2.0/light-shadow/images/a8.jpg]
[webapplayers.com/homer_admin-v2.0/light-shadow/projects.html]
[webapplayers.com/homer_admin-v2.0/light-shadow/vendor/awesome-bootstrap-checkbox/awesome-bootstrap-checkbox.css]
[webapplayers.com/homer_admin-v2.0/light-shadow/mailbox.html]
[webapplayers.com/homer_admin-v2.0/light-shadow/styles/static_custom.css]
[webapplayers.com/homer_admin-v2.0/light-shadow/contacts.html]
[webapplayers.com/homer_admin-v2.0/light-shadow/forum.html]
[webapplayers.com/homer_admin-v2.0/light-shadow/images/a9.jpg]
[webapplayers.com/homer_admin-v2.0/light-shadow/analytics.html]
[webapplayers.com/homer_admin-v2.0/light-shadow/file_manager.html]
[webapplayers.com/homer_admin-v2.0/light-shadow/index-2.html]
[webapplayers.com/homer_admin-v2.0/light-shadow/panels.html]
[webapplayers.com/homer_admin-v2.0/light-shadow/typography.html]
[webapplayers.com/homer_admin-v2.0/light-shadow/buttons.html]
[webapplayers.com/homer_admin-v2.0/light-shadow/vendor/bootstrap-star-rating/css/star-rating.css]
[webapplayers.com/homer_admin-v2.0/light-shadow/components.html]
[webapplayers.com/homer_admin-v2.0/light-shadow/vendor/bootstrap-star-rating/js/star-rating.min.js]
[webapplayers.com/homer_admin-v2.0/light-shadow/vendor/sweetalert/lib/sweet-alert.css]
[webapplayers.com/homer_admin-v2.0/light-shadow/vendor/toastr/build/toastr.min.css]
[webapplayers.com/homer_admin-v2.0/light-shadow/vendor/sweetalert/lib/sweet-alert.min.js]
[webapplayers.com/homer_admin-v2.0/light-shadow/alerts.html]
[webapplayers.com/homer_admin-v2.0/light-shadow/modals.html]
[webapplayers.com/homer_admin-v2.0/light-shadow/vendor/toastr/build/toastr.min.js]
[webapplayers.com/homer_admin-v2.0/light-shadow/vendor/ladda/dist/ladda-themeless.min.css]
[webapplayers.com/homer_admin-v2.0/light-shadow/vendor/ladda/dist/spin.min.js]
[webapplayers.com/homer_admin-v2.0/light-shadow/vendor/ladda/dist/ladda.min.js]
[webapplayers.com/homer_admin-v2.0/light-shadow/loading_buttons.html]
[webapplayers.com/homer_admin-v2.0/light-shadow/vendor/ladda/dist/ladda.jquery.min.js]
[webapplayers.com/homer_admin-v2.0/light-shadow/draggable.html]
[webapplayers.com/homer_admin-v2.0/light-shadow/vendor/jquery-ui/themes/base/all.css]
[webapplayers.com/homer_admin-v2.0/light-shadow/vendor/codemirror/style/codemirror.css]
[webapplayers.com/homer_admin-v2.0/light-shadow/code_editor.html]
[webapplayers.com/homer_admin-v2.0/light-shadow/email_template.html]
[webapplayers.com/homer_admin-v2.0/light-shadow/nestable_list.html]
[webapplayers.com/homer_admin-v2.0/light-shadow/vendor/nestable/jquery.nestable.js]
[webapplayers.com/homer_admin-v2.0/light-shadow/vendor/bootstrap-tour/build/css/bootstrap-tour.min.css]
[webapplayers.com/homer_admin-v2.0/light-shadow/vendor/codemirror/javascript.js]
[webapplayers.com/homer_admin-v2.0/light-shadow/tour.html]
[webapplayers.com/homer_admin-v2.0/light-shadow/icons.html]
[webapplayers.com/homer_admin-v2.0/light-shadow/project.html]
[webapplayers.com/homer_admin-v2.0/light-shadow/app_plans.html]
[webapplayers.com/homer_admin-v2.0/light-shadow/vendor/bootstrap-tour/build/js/bootstrap-tour.min.js]
[webapplayers.com/homer_admin-v2.0/light-shadow/images/p2.jpg]
[webapplayers.com/homer_admin-v2.0/light-shadow/social_board.html]
[webapplayers.com/homer_admin-v2.0/light-shadow/faq.html]
[webapplayers.com/homer_admin-v2.0/light-shadow/timeline.html]
[webapplayers.com/homer_admin-v2.0/light-shadow/notes.html]
[webapplayers.com/homer_admin-v2.0/light-shadow/vendor/summernote/dist/summernote.css]
[webapplayers.com/homer_admin-v2.0/light-shadow/vendor/codemirror/script/codemirror.js]
[webapplayers.com/homer_admin-v2.0/light-shadow/vendor/summernote/dist/summernote-bs3.css]
[webapplayers.com/homer_admin-v2.0/light-shadow/images/loading-bars.svg]
[webapplayers.com/homer_admin-v2.0/light-shadow/mailbox_compose.html]
[webapplayers.com/homer_admin-v2.0/light-shadow/mailbox_view.html]
[webapplayers.com/homer_admin-v2.0/light-shadow/images/p1.jpg]
[webapplayers.com/homer_admin-v2.0/light-shadow/vendor/chartjs/Chart.min.js]
[webapplayers.com/homer_admin-v2.0/light-shadow/blog.html]
[webapplayers.com/homer_admin-v2.0/light-shadow/blog_details.html]
[webapplayers.com/homer_admin-v2.0/light-shadow/forum_details.html]
[webapplayers.com/homer_admin-v2.0/light-shadow/vendor/blueimp-gallery/css/blueimp-gallery.min.css]
[webapplayers.com/homer_admin-v2.0/light-shadow/vendor/summernote/dist/summernote.min.js]
[webapplayers.com/homer_admin-v2.0/light-shadow/images/gallery/1.jpg]
[webapplayers.com/homer_admin-v2.0/light-shadow/images/gallery/1s.jpg]
[webapplayers.com/homer_admin-v2.0/light-shadow/images/gallery/2.jpg]
[webapplayers.com/homer_admin-v2.0/light-shadow/images/gallery/2s.jpg]
[webapplayers.com/homer_admin-v2.0/light-shadow/images/gallery/3.jpg]
[webapplayers.com/homer_admin-v2.0/light-shadow/images/gallery/3s.jpg]
[webapplayers.com/homer_admin-v2.0/light-shadow/images/gallery/4.jpg]
[webapplayers.com/homer_admin-v2.0/light-shadow/images/gallery/4s.jpg]
[webapplayers.com/homer_admin-v2.0/light-shadow/images/gallery/5.jpg]
[webapplayers.com/homer_admin-v2.0/light-shadow/images/gallery/5s.jpg]
[webapplayers.com/homer_admin-v2.0/light-shadow/images/gallery/6.jpg]
[webapplayers.com/homer_admin-v2.0/light-shadow/images/gallery/6s.jpg]
[webapplayers.com/homer_admin-v2.0/light-shadow/images/gallery/7.jpg]
[webapplayers.com/homer_admin-v2.0/light-shadow/images/gallery/7s.jpg]
[webapplayers.com/homer_admin-v2.0/light-shadow/images/gallery/8.jpg]
[webapplayers.com/homer_admin-v2.0/light-shadow/images/gallery/8s.jpg]
[webapplayers.com/homer_admin-v2.0/light-shadow/images/gallery/9.jpg]
[webapplayers.com/homer_admin-v2.0/light-shadow/images/gallery/9s.jpg]
[webapplayers.com/homer_admin-v2.0/light-shadow/images/gallery/10.jpg]
[webapplayers.com/homer_admin-v2.0/light-shadow/images/gallery/10s.jpg]
[webapplayers.com/homer_admin-v2.0/light-shadow/vendor/blueimp-gallery/js/jquery.blueimp-gallery.min.js]
[webapplayers.com/homer_admin-v2.0/light-shadow/gallery.html]
[webapplayers.com/homer_admin-v2.0/light-shadow/vendor/fullcalendar/dist/fullcalendar.print.css]
[webapplayers.com/homer_admin-v2.0/light-shadow/vendor/fullcalendar/dist/fullcalendar.min.css]
[webapplayers.com/homer_admin-v2.0/light-shadow/vendor/moment/min/moment.min.js]
[webapplayers.com/homer_admin-v2.0/light-shadow/calendar.html]
[webapplayers.com/homer_admin-v2.0/light-shadow/invoice.html]
[webapplayers.com/homer_admin-v2.0/light-shadow/chat_view.html]
[webapplayers.com/homer_admin-v2.0/light-shadow/vendor/fullcalendar/dist/fullcalendar.min.js]
[webapplayers.com/homer_admin-v2.0/light-shadow/vendor/select2-3.5.2/select2.css]
[webapplayers.com/homer_admin-v2.0/light-shadow/vendor/select2-bootstrap/select2-bootstrap.css]
[webapplayers.com/homer_admin-v2.0/light-shadow/vendor/bootstrap-touchspin/dist/jquery.bootstrap-touchspin.min.css]
[webapplayers.com/homer_admin-v2.0/light-shadow/vendor/bootstrap-datepicker-master/dist/css/bootstrap-datepicker3.min.css]
[webapplayers.com/homer_admin-v2.0/light-shadow/vendor/moment/moment.js]
[webapplayers.com/homer_admin-v2.0/light-shadow/vendor/select2-3.5.2/select2.min.js]
[webapplayers.com/homer_admin-v2.0/light-shadow/search.html]
[webapplayers.com/homer_admin-v2.0/light-shadow/chartjs.html]
[webapplayers.com/homer_admin-v2.0/light-shadow/flot.html]
[webapplayers.com/homer_admin-v2.0/light-shadow/inline.html]
[webapplayers.com/homer_admin-v2.0/light-shadow/vendor/bootstrap-touchspin/dist/jquery.bootstrap-touchspin.min.js]
[webapplayers.com/homer_admin-v2.0/light-shadow/vendor/bootstrap-datepicker-master/dist/js/bootstrap-datepicker.min.js]
[webapplayers.com/homer_admin-v2.0/light-shadow/chartist.html]
[webapplayers.com/homer_admin-v2.0/light-shadow/vendor/chartist/custom/chartist.css]
[webapplayers.com/homer_admin-v2.0/light-shadow/vendor/chartist/dist/chartist.min.js]
[webapplayers.com/homer_admin-v2.0/light-shadow/c3.html]
[webapplayers.com/homer_admin-v2.0/light-shadow/overview.html]
[webapplayers.com/homer_admin-v2.0/light-shadow/transition_two.html]
[webapplayers.com/homer_admin-v2.0/light-shadow/transition_one.html]
[webapplayers.com/homer_admin-v2.0/light-shadow/transition_three.html]
[webapplayers.com/homer_admin-v2.0/light-shadow/transition_four.html]
[webapplayers.com/homer_admin-v2.0/light-shadow/transition_five.html]
[webapplayers.com/homer_admin-v2.0/light-shadow/register.html]
[webapplayers.com/homer_admin-v2.0/light-shadow/error_one.html]
[webapplayers.com/homer_admin-v2.0/light-shadow/error_two.html]
[webapplayers.com/homer_admin-v2.0/light-shadow/lock.html]
[webapplayers.com/homer_admin-v2.0/light-shadow/password_recovery.html]
[webapplayers.com/homer_admin-v2.0/light-shadow/tables_design.html]
[webapplayers.com/homer_admin-v2.0/light-shadow/vendor/c3/c3.min.css]
[webapplayers.com/homer_admin-v2.0/light-shadow/vendor/d3/d3.min.js]
[webapplayers.com/homer_admin-v2.0/light-shadow/vendor/datatables.net-bs/css/dataTables.bootstrap.min.css]
[webapplayers.com/homer_admin-v2.0/light-shadow/vendor/c3/c3.min.js]
[webapplayers.com/homer_admin-v2.0/light-shadow/vendor/datatables.net-bs/js/dataTables.bootstrap.min.js]
[webapplayers.com/homer_admin-v2.0/light-shadow/vendor/datatables/media/js/jquery.dataTables.min.js]
[webapplayers.com/homer_admin-v2.0/light-shadow/vendor/datatables.net-buttons/js/buttons.html5.min.js]
[webapplayers.com/homer_admin-v2.0/light-shadow/vendor/datatables.net-buttons/js/buttons.print.min.js]
[webapplayers.com/homer_admin-v2.0/light-shadow/datatables.html]
[webapplayers.com/homer_admin-v2.0/light-shadow/vendor/datatables.net-buttons-bs/js/buttons.bootstrap.min.js]
[webapplayers.com/homer_admin-v2.0/light-shadow/vendor/datatables.net-buttons/js/dataTables.buttons.min.js]
[webapplayers.com/homer_admin-v2.0/light-shadow/vendor/pdfmake/build/pdfmake.min.js]
[webapplayers.com/homer_admin-v2.0/light-shadow/footable.html]
[webapplayers.com/homer_admin-v2.0/light-shadow/widgets.html]
[webapplayers.com/homer_admin-v2.0/light-shadow/forms_elements.html]
[webapplayers.com/homer_admin-v2.0/light-shadow/vendor/fooTable/css/footable.core.min.css]
[webapplayers.com/homer_admin-v2.0/light-shadow/vendor/fooTable/dist/footable.all.min.js]
[webapplayers.com/homer_admin-v2.0/light-shadow/vendor/xeditable/bootstrap3-editable/css/bootstrap-editable.css]
[webapplayers.com/homer_admin-v2.0/light-shadow/vendor/pdfmake/build/vfs_fonts.js]
[webapplayers.com/homer_admin-v2.0/light-shadow/vendor/clockpicker/dist/bootstrap-clockpicker.min.css]
[webapplayers.com/homer_admin-v2.0/light-shadow/vendor/eonasdan-bootstrap-datetimepicker/build/css/bootstrap-datetimepicker.min.css]
[webapplayers.com/homer_admin-v2.0/light-shadow/forms_extended.html]
[webapplayers.com/homer_admin-v2.0/light-shadow/text_editor.html]
[webapplayers.com/homer_admin-v2.0/light-shadow/wizard.html]
[webapplayers.com/homer_admin-v2.0/light-shadow/vendor/clockpicker/dist/bootstrap-clockpicker.min.js]
[webapplayers.com/homer_admin-v2.0/light-shadow/vendor/xeditable/bootstrap3-editable/js/bootstrap-editable.min.js]
[webapplayers.com/homer_admin-v2.0/light-shadow/validation.html]
[webapplayers.com/homer_admin-v2.0/light-shadow/options.html]
[webapplayers.com/homer_admin-v2.0/light-shadow/grid_system.html]
[webapplayers.com/homer_admin-v2.0/light-shadow/vendor/eonasdan-bootstrap-datetimepicker/build/js/bootstrap-datetimepicker.min.js]
[webapplayers.com/homer_admin-v2.0/light-shadow/images/landing/c1.jpg]
[webapplayers.com/homer_admin-v2.0/light-shadow/vendor/jquery-validation/jquery.validate.min.js]
[webapplayers.com/homer_admin-v2.0/light-shadow/images/landing/c2.jpg]
[webapplayers.com/homer_admin-v2.0/light-shadow/images/landing/c3.jpg]
[webapplayers.com/homer_admin-v2.0/light-shadow/images/landing/c4.jpg]
[webapplayers.com/homer_admin-v2.0/light-shadow/images/landing/c5.jpg]
[webapplayers.com/homer_admin-v2.0/light-shadow/images/landing/c6.jpg]
[webapplayers.com/homer_admin-v2.0/light-shadow/images/landing/c7.jpg]
[webapplayers.com/homer_admin-v2.0/light-shadow/images/landing/c8.jpg]
[webapplayers.com/homer_admin-v2.0/light-shadow/images/landing/s2.png]
[webapplayers.com/homer_admin-v2.0/light-shadow/images/landing/s4.png]
[webapplayers.com/homer_admin-v2.0/light-shadow/images/landing/s1.png]
[webapplayers.com/homer_admin-v2.0/light-shadow/landing_page.html]
[webapplayers.com/homer_admin-v2.0/light-shadow/images/landing/s3.png]
[webapplayers.com/homer_admin-v2.0/light-shadow/package.html]
[webapplayers.com/homer_admin-v2.0/images/light-skin.png]
[webapplayers.com/homer_admin-v2.0/images/profile.jpg]
[webapplayers.com/homer_admin-v2.0/images/a1.jpg]
[webapplayers.com/homer_admin-v2.0/images/a3.jpg]
[webapplayers.com/homer_admin-v2.0/vendor/fontawesome/fonts/fontawesome-webfont3e6e.eot]
[webapplayers.com/homer_admin-v2.0/images/a4.jpg]
[webapplayers.com/homer_admin-v2.0/vendor/fontawesome/fonts/fontawesome-webfontd41d.eot]
[webapplayers.com/homer_admin-v2.0/vendor/slimScroll/jquery.slimscroll.min.js]
[webapplayers.com/homer_admin-v2.0/vendor/fontawesome/fonts/fontawesome-webfont3e6e.woff2]
[webapplayers.com/homer_admin-v2.0/vendor/jquery/dist/jquery.min.js]
[webapplayers.com/homer_admin-v2.0/vendor/fontawesome/fonts/fontawesome-webfont3e6e.woff]
[webapplayers.com/homer_admin-v2.0/vendor/fontawesome/fonts/fontawesome-webfont3e6e.ttf]
[webapplayers.com/homer_admin-v2.0/vendor/jquery-ui/jquery-ui.min.js]
[webapplayers.com/homer_admin-v2.0/vendor/bootstrap/dist/js/bootstrap.min.js]
[webapplayers.com/homer_admin-v2.0/vendor/fontawesome/css/font-awesome.css]
[webapplayers.com/homer_admin-v2.0/vendor/jquery-flot/jquery.flot.resize.js]
[webapplayers.com/homer_admin-v2.0/vendor/metisMenu/dist/metisMenu.css]
[webapplayers.com/homer_admin-v2.0/vendor/fontawesome/fonts/fontawesome-webfont3e6e.svg]
[webapplayers.com/homer_admin-v2.0/vendor/animate.css/animate.css]
[webapplayers.com/homer_admin-v2.0/vendor/jquery-flot/jquery.flot.js]
[webapplayers.com/homer_admin-v2.0/vendor/jquery-flot/jquery.flot.pie.js]
[webapplayers.com/homer_admin-v2.0/vendor/flot.curvedlines/curvedLines.js]
[webapplayers.com/homer_admin-v2.0/vendor/jquery.flot.spline/index.js]
[webapplayers.com/homer_admin-v2.0/vendor/bootstrap/dist/fonts/glyphicons-halflings-regular.eot]
[webapplayers.com/homer_admin-v2.0/vendor/bootstrap/dist/fonts/glyphicons-halflings-regular.woff2]
[webapplayers.com/homer_admin-v2.0/vendor/bootstrap/dist/fonts/glyphicons-halflings-regular.woff]
[webapplayers.com/homer_admin-v2.0/vendor/bootstrap/dist/fonts/glyphicons-halflings-regular.ttf]
[webapplayers.com/homer_admin-v2.0/vendor/bootstrap/dist/css/bootstrap.css]
[webapplayers.com/homer_admin-v2.0/vendor/bootstrap/dist/fonts/glyphicons-halflings-regular.svg]
[webapplayers.com/homer_admin-v2.0/fonts/pe-icon-7-stroke/fonts/Pe-icon-7-strokea93c.eot]
[webapplayers.com/homer_admin-v2.0/vendor/metisMenu/dist/metisMenu.min.js]
[webapplayers.com/homer_admin-v2.0/fonts/pe-icon-7-stroke/fonts/Pe-icon-7-stroked41d.eot]
[webapplayers.com/homer_admin-v2.0/fonts/pe-icon-7-stroke/fonts/Pe-icon-7-strokea93c.woff]
[webapplayers.com/homer_admin-v2.0/fonts/pe-icon-7-stroke/fonts/Pe-icon-7-strokea93c.ttf]
[webapplayers.com/homer_admin-v2.0/fonts/pe-icon-7-stroke/css/pe-icon-7-stroke.css]
[webapplayers.com/homer_admin-v2.0/fonts/pe-icon-7-stroke/fonts/Pe-icon-7-strokea93c.svg]
[webapplayers.com/homer_admin-v2.0/fonts/pe-icon-7-stroke/css/helper.css]
[webapplayers.com/homer_admin-v2.0/vendor/peity/jquery.peity.min.js]
[webapplayers.com/homer_admin-v2.0/vendor/iCheck/icheck.min.js]
[webapplayers.com/homer_admin-v2.0/scripts/homer.js]
[webapplayers.com/homer_admin-v2.0/scripts/charts.js]
[webapplayers.com/homer_admin-v2.0/vendor/sparkline/index.js]
[webapplayers.com/homer_admin-v2.0/styles/img/green.png]
[webapplayers.com/homer_admin-v2.0/styles/img/green@2x.png]
[webapplayers.com/homer_admin-v2.0/images/landing/header.jpg]
[webapplayers.com/homer_admin-v2.0/styles/style.css]
[webapplayers.com/homer_admin-v2.0/light-shadow/images/profile.jpg]
[webapplayers.com/homer_admin-v2.0/login.html]
[webapplayers.com/homer_admin-v2.0/light-shadow/images/a1.jpg]
[webapplayers.com/homer_admin-v2.0/light-shadow/images/a3.jpg]
[webapplayers.com/homer_admin-v2.0/panels.html]
[webapplayers.com/homer_admin-v2.0/light-shadow/images/a4.jpg]
[webapplayers.com/homer_admin-v2.0/light-shadow/vendor/fontawesome/fonts/fontawesome-webfont3e6e.eot]
[webapplayers.com/homer_admin-v2.0/light-shadow/vendor/jquery/dist/jquery.min.js]
[webapplayers.com/homer_admin-v2.0/light-shadow/vendor/slimScroll/jquery.slimscroll.min.js]
[webapplayers.com/homer_admin-v2.0/light-shadow/vendor/fontawesome/fonts/fontawesome-webfontd41d.eot]
[webapplayers.com/homer_admin-v2.0/light-shadow/vendor/fontawesome/fonts/fontawesome-webfont3e6e.woff2]
[webapplayers.com/homer_admin-v2.0/light-shadow/vendor/jquery-ui/jquery-ui.min.js]
[webapplayers.com/homer_admin-v2.0/light-shadow/vendor/fontawesome/fonts/fontawesome-webfont3e6e.woff]
[webapplayers.com/homer_admin-v2.0/light-shadow/vendor/fontawesome/fonts/fontawesome-webfont3e6e.ttf]
[webapplayers.com/homer_admin-v2.0/light-shadow/vendor/bootstrap/dist/js/bootstrap.min.js]
[webapplayers.com/homer_admin-v2.0/light-shadow/vendor/fontawesome/css/font-awesome.css]
[webapplayers.com/homer_admin-v2.0/light-shadow/vendor/jquery-flot/jquery.flot.resize.js]
[webapplayers.com/homer_admin-v2.0/light-shadow/vendor/metisMenu/dist/metisMenu.css]
[webapplayers.com/homer_admin-v2.0/light-shadow/vendor/fontawesome/fonts/fontawesome-webfont3e6e.svg]
[webapplayers.com/homer_admin-v2.0/light-shadow/vendor/animate.css/animate.css]
[webapplayers.com/homer_admin-v2.0/light-shadow/vendor/flot.curvedlines/curvedLines.js]
[webapplayers.com/homer_admin-v2.0/light-shadow/vendor/jquery-flot/jquery.flot.pie.js]
[webapplayers.com/homer_admin-v2.0/light-shadow/vendor/jquery-flot/jquery.flot.js]
[webapplayers.com/homer_admin-v2.0/light-shadow/vendor/bootstrap/dist/fonts/glyphicons-halflings-regular.eot]
[webapplayers.com/homer_admin-v2.0/light-shadow/vendor/bootstrap/dist/fonts/glyphicons-halflings-regular.woff2]
[webapplayers.com/homer_admin-v2.0/light-shadow/vendor/jquery.flot.spline/index.js]
[webapplayers.com/homer_admin-v2.0/light-shadow/vendor/bootstrap/dist/fonts/glyphicons-halflings-regular.woff]
[webapplayers.com/homer_admin-v2.0/light-shadow/vendor/metisMenu/dist/metisMenu.min.js]
[webapplayers.com/homer_admin-v2.0/light-shadow/vendor/bootstrap/dist/fonts/glyphicons-halflings-regular.ttf]
[webapplayers.com/homer_admin-v2.0/light-shadow/vendor/bootstrap/dist/css/bootstrap.css]
[webapplayers.com/homer_admin-v2.0/light-shadow/vendor/bootstrap/dist/fonts/glyphicons-halflings-regular.svg]
[webapplayers.com/homer_admin-v2.0/light-shadow/vendor/iCheck/icheck.min.js]
[webapplayers.com/homer_admin-v2.0/light-shadow/fonts/pe-icon-7-stroke/fonts/Pe-icon-7-strokea93c.eot]
[webapplayers.com/homer_admin-v2.0/light-shadow/fonts/pe-icon-7-stroke/fonts/Pe-icon-7-stroked41d.eot]
[webapplayers.com/homer_admin-v2.0/light-shadow/fonts/pe-icon-7-stroke/fonts/Pe-icon-7-strokea93c.woff]
[webapplayers.com/homer_admin-v2.0/light-shadow/fonts/pe-icon-7-stroke/fonts/Pe-icon-7-strokea93c.ttf]
[webapplayers.com/homer_admin-v2.0/light-shadow/fonts/pe-icon-7-stroke/css/pe-icon-7-stroke.css]
[webapplayers.com/homer_admin-v2.0/light-shadow/fonts/pe-icon-7-stroke/css/helper.css]
[webapplayers.com/homer_admin-v2.0/light-shadow/fonts/pe-icon-7-stroke/fonts/Pe-icon-7-strokea93c.svg]
[webapplayers.com/homer_admin-v2.0/light-shadow/vendor/peity/jquery.peity.min.js]
[webapplayers.com/homer_admin-v2.0/light-shadow/styles/img/green.png]
[webapplayers.com/homer_admin-v2.0/light-shadow/styles/img/green@2x.png]
[webapplayers.com/homer_admin-v2.0/light-shadow/styles/style.css]
[webapplayers.com/homer_admin-v2.0/light-shadow/images/landing/header.jpg]
[webapplayers.com/homer_admin-v2.0/light-shadow/panels.html]
[webapplayers.com/homer_admin-v2.0/images/a9.jpg]
[webapplayers.com/homer_admin-v2.0/vendor/awesome-bootstrap-checkbox/awesome-bootstrap-checkbox.css]
[webapplayers.com/homer_admin-v2.0/light-shadow/vendor/sparkline/index.js]
[webapplayers.com/homer_admin-v2.0/styles/static_custom.css]
[webapplayers.com/homer_admin-v2.0/light-shadow/scripts/homer.js]
[webapplayers.com/homer_admin-v2.0/vendor/bootstrap-star-rating/js/star-rating.min.js]
[webapplayers.com/homer_admin-v2.0/vendor/sweetalert/lib/sweet-alert.min.js]
[webapplayers.com/homer_admin-v2.0/vendor/bootstrap-star-rating/img/loading.gif]
[webapplayers.com/homer_admin-v2.0/vendor/bootstrap-star-rating/css/star-rating.css]
[webapplayers.com/homer_admin-v2.0/vendor/sweetalert/lib/sweet-alert.css]
[webapplayers.com/homer_admin-v2.0/vendor/toastr/build/toastr.min.css]
[webapplayers.com/homer_admin-v2.0/vendor/toastr/build/toastr.min.js]
[webapplayers.com/homer_admin-v2.0/vendor/ladda/dist/ladda-themeless.min.css]
[webapplayers.com/homer_admin-v2.0/vendor/ladda/dist/ladda.min.js]
[webapplayers.com/homer_admin-v2.0/vendor/ladda/dist/spin.min.js]
[webapplayers.com/homer_admin-v2.0/vendor/ladda/dist/ladda.jquery.min.js]
[webapplayers.com/homer_admin-v2.0/vendor/jquery-ui/themes/base/base.css]
[webapplayers.com/homer_admin-v2.0/vendor/jquery-ui/themes/base/all.css]
[webapplayers.com/homer_admin-v2.0/vendor/codemirror/style/codemirror.css]
[webapplayers.com/homer_admin-v2.0/vendor/jquery-ui/themes/base/theme.css]
[webapplayers.com/homer_admin-v2.0/vendor/bootstrap-tour/build/css/bootstrap-tour.min.css]
[webapplayers.com/homer_admin-v2.0/vendor/bootstrap-tour/build/js/bootstrap-tour.min.js]
[webapplayers.com/homer_admin-v2.0/vendor/codemirror/javascript.js]
[webapplayers.com/homer_admin-v2.0/vendor/summernote/dist/font/summernotef534.eot]
[webapplayers.com/homer_admin-v2.0/images/p1.jpg]
[webapplayers.com/homer_admin-v2.0/images/gallery/1.jpg]
[webapplayers.com/homer_admin-v2.0/images/gallery/1s.jpg]
[webapplayers.com/homer_admin-v2.0/vendor/summernote/dist/summernote.min.js]
[webapplayers.com/homer_admin-v2.0/vendor/codemirror/script/codemirror.js]
[webapplayers.com/homer_admin-v2.0/vendor/summernote/dist/font/summernoted41d.eot]
[webapplayers.com/homer_admin-v2.0/images/gallery/2.jpg]
[webapplayers.com/homer_admin-v2.0/vendor/summernote/dist/font/summernotef534.woff]
[webapplayers.com/homer_admin-v2.0/vendor/summernote/dist/summernote.css]
[webapplayers.com/homer_admin-v2.0/vendor/summernote/dist/font/summernotef534.ttf]
[webapplayers.com/homer_admin-v2.0/images/gallery/2s.jpg]
[webapplayers.com/homer_admin-v2.0/images/gallery/3.jpg]
[webapplayers.com/homer_admin-v2.0/vendor/summernote/dist/summernote-bs3.css]
[webapplayers.com/homer_admin-v2.0/images/loading-bars.svg]
[webapplayers.com/homer_admin-v2.0/images/gallery/3s.jpg]
[webapplayers.com/homer_admin-v2.0/images/gallery/4.jpg]
[webapplayers.com/homer_admin-v2.0/images/gallery/4s.jpg]
[webapplayers.com/homer_admin-v2.0/images/gallery/5s.jpg]
[webapplayers.com/homer_admin-v2.0/images/gallery/5.jpg]
[webapplayers.com/homer_admin-v2.0/vendor/blueimp-gallery/img/loading.gif]
[webapplayers.com/homer_admin-v2.0/images/gallery/6.jpg]
[webapplayers.com/homer_admin-v2.0/vendor/blueimp-gallery/img/error.png]
[webapplayers.com/homer_admin-v2.0/vendor/blueimp-gallery/img/play-pause.png]
[webapplayers.com/homer_admin-v2.0/vendor/blueimp-gallery/img/error.svg]
[webapplayers.com/homer_admin-v2.0/images/gallery/6s.jpg]
[webapplayers.com/homer_admin-v2.0/images/gallery/7.jpg]
[webapplayers.com/homer_admin-v2.0/vendor/blueimp-gallery/img/play-pause.svg]
[webapplayers.com/homer_admin-v2.0/images/gallery/7s.jpg]
[webapplayers.com/homer_admin-v2.0/vendor/blueimp-gallery/img/video-play.png]
[webapplayers.com/homer_admin-v2.0/images/gallery/8.jpg]
[webapplayers.com/homer_admin-v2.0/images/gallery/9.jpg]
[webapplayers.com/homer_admin-v2.0/images/gallery/8s.jpg]
[webapplayers.com/homer_admin-v2.0/vendor/blueimp-gallery/css/blueimp-gallery.min.css]
[webapplayers.com/homer_admin-v2.0/images/gallery/9s.jpg]
[webapplayers.com/homer_admin-v2.0/vendor/blueimp-gallery/img/video-play.svg]
[webapplayers.com/homer_admin-v2.0/vendor/fullcalendar/dist/fullcalendar.print.css]
[webapplayers.com/homer_admin-v2.0/vendor/fullcalendar/dist/fullcalendar.min.css]
[webapplayers.com/homer_admin-v2.0/vendor/moment/min/moment.min.js]
[webapplayers.com/homer_admin-v2.0/vendor/fullcalendar/dist/fullcalendar.min.js]
[webapplayers.com/homer_admin-v2.0/vendor/bootstrap-touchspin/dist/jquery.bootstrap-touchspin.min.js]
[webapplayers.com/homer_admin-v2.0/vendor/select2-3.5.2/select2.min.js]
[webapplayers.com/homer_admin-v2.0/vendor/moment/moment.js]
[webapplayers.com/homer_admin-v2.0/vendor/select2-3.5.2/select2.png]
[webapplayers.com/homer_admin-v2.0/vendor/select2-3.5.2/select2-spinner.gif]
[webapplayers.com/homer_admin-v2.0/vendor/select2-3.5.2/select2.css]
[webapplayers.com/homer_admin-v2.0/vendor/select2-3.5.2/select2x2.png]
[webapplayers.com/homer_admin-v2.0/vendor/select2-bootstrap/select2-bootstrap.css]
[webapplayers.com/homer_admin-v2.0/vendor/bootstrap-touchspin/dist/jquery.bootstrap-touchspin.min.css]
[webapplayers.com/homer_admin-v2.0/vendor/bootstrap-datepicker-master/dist/css/bootstrap-datepicker3.min.css]
[webapplayers.com/homer_admin-v2.0/vendor/chartist/dist/chartist.min.js]
[webapplayers.com/homer_admin-v2.0/vendor/bootstrap-datepicker-master/dist/js/bootstrap-datepicker.min.js]
[webapplayers.com/homer_admin-v2.0/vendor/chartist/custom/chartist.css]
[webapplayers.com/homer_admin-v2.0/vendor/datatables.net-bs/js/dataTables.bootstrap.min.js]
[webapplayers.com/homer_admin-v2.0/vendor/c3/c3.min.css]
[webapplayers.com/homer_admin-v2.0/vendor/c3/c3.min.js]
[webapplayers.com/homer_admin-v2.0/vendor/datatables.net-bs/css/dataTables.bootstrap.min.css]
[webapplayers.com/homer_admin-v2.0/vendor/d3/d3.min.js]
[webapplayers.com/homer_admin-v2.0/vendor/datatables/media/js/jquery.dataTables.min.js]
[webapplayers.com/homer_admin-v2.0/vendor/fooTable/css/fonts/footable.eot]
[webapplayers.com/homer_admin-v2.0/vendor/fooTable/dist/footable.all.min.js]
[webapplayers.com/homer_admin-v2.0/vendor/fooTable/css/fonts/footabled41d.eot]
[webapplayers.com/homer_admin-v2.0/vendor/fooTable/css/fonts/footable.woff]
[webapplayers.com/homer_admin-v2.0/vendor/clockpicker/dist/bootstrap-clockpicker.min.js]
[webapplayers.com/homer_admin-v2.0/vendor/xeditable/bootstrap3-editable/js/bootstrap-editable.min.js]
[webapplayers.com/homer_admin-v2.0/vendor/fooTable/css/fonts/footable.ttf]
[webapplayers.com/homer_admin-v2.0/vendor/fooTable/css/footable.core.min.css]
[webapplayers.com/homer_admin-v2.0/vendor/fooTable/css/fonts/footable.svg]
[webapplayers.com/homer_admin-v2.0/vendor/eonasdan-bootstrap-datetimepicker/build/js/bootstrap-datetimepicker.min.js]
[webapplayers.com/homer_admin-v2.0/vendor/xeditable/bootstrap3-editable/img/loading.gif]
[webapplayers.com/homer_admin-v2.0/vendor/jquery-validation/jquery.validate.min.js]
[webapplayers.com/homer_admin-v2.0/vendor/xeditable/bootstrap3-editable/img/clear.png]
[webapplayers.com/homer_admin-v2.0/vendor/xeditable/bootstrap3-editable/css/bootstrap-editable.css]
[webapplayers.com/homer_admin-v2.0/vendor/clockpicker/dist/bootstrap-clockpicker.min.css]
[webapplayers.com/homer_admin-v2.0/images/landing/c1.jpg]
[webapplayers.com/homer_admin-v2.0/vendor/eonasdan-bootstrap-datetimepicker/build/css/bootstrap-datetimepicker.min.css]
[webapplayers.com/homer_admin-v2.0/images/landing/c2.jpg]
[webapplayers.com/homer_admin-v2.0/images/landing/c3.jpg]
[webapplayers.com/homer_admin-v2.0/light-shadow/vendor/awesome-bootstrap-checkbox/awesome-bootstrap-checkbox.css]
[webapplayers.com/homer_admin-v2.0/light-shadow/images/a9.jpg]
[webapplayers.com/homer_admin-v2.0/light-shadow/styles/static_custom.css]
[webapplayers.com/homer_admin-v2.0/light-shadow/vendor/bootstrap-star-rating/js/star-rating.min.js]
[webapplayers.com/homer_admin-v2.0/vendor/pdfmake/build/pdfmake.min.js]
[webapplayers.com/homer_admin-v2.0/light-shadow/vendor/sweetalert/lib/sweet-alert.min.js]
[webapplayers.com/homer_admin-v2.0/light-shadow/vendor/toastr/build/toastr.min.js]
[webapplayers.com/homer_admin-v2.0/light-shadow/vendor/bootstrap-star-rating/img/loading.gif]
[webapplayers.com/homer_admin-v2.0/light-shadow/vendor/bootstrap-star-rating/css/star-rating.css]
[webapplayers.com/homer_admin-v2.0/light-shadow/vendor/sweetalert/lib/sweet-alert.css]
[webapplayers.com/homer_admin-v2.0/light-shadow/vendor/toastr/build/toastr.min.css]
[webapplayers.com/homer_admin-v2.0/light-shadow/vendor/ladda/dist/ladda.jquery.min.js]
[webapplayers.com/homer_admin-v2.0/light-shadow/vendor/ladda/dist/ladda-themeless.min.css]
[webapplayers.com/homer_admin-v2.0/light-shadow/vendor/ladda/dist/spin.min.js]
[webapplayers.com/homer_admin-v2.0/light-shadow/vendor/ladda/dist/ladda.min.js]
[webapplayers.com/homer_admin-v2.0/light-shadow/vendor/jquery-ui/themes/base/base.css]
[webapplayers.com/homer_admin-v2.0/light-shadow/vendor/codemirror/javascript.js]
[webapplayers.com/homer_admin-v2.0/light-shadow/vendor/nestable/jquery.nestable.js]
[webapplayers.com/homer_admin-v2.0/light-shadow/vendor/jquery-ui/themes/base/all.css]
[webapplayers.com/homer_admin-v2.0/light-shadow/vendor/jquery-ui/themes/base/theme.css]
[webapplayers.com/homer_admin-v2.0/light-shadow/vendor/codemirror/style/codemirror.css]
[webapplayers.com/homer_admin-v2.0/light-shadow/images/p2.jpg]
[webapplayers.com/homer_admin-v2.0/light-shadow/vendor/bootstrap-tour/build/css/bootstrap-tour.min.css]
[webapplayers.com/homer_admin-v2.0/light-shadow/vendor/bootstrap-tour/build/js/bootstrap-tour.min.js]
[webapplayers.com/homer_admin-v2.0/light-shadow/vendor/codemirror/script/codemirror.js]
[webapplayers.com/homer_admin-v2.0/light-shadow/vendor/summernote/dist/font/summernotef534.eot]
[webapplayers.com/homer_admin-v2.0/light-shadow/vendor/chartjs/Chart.min.js]
[webapplayers.com/homer_admin-v2.0/light-shadow/vendor/summernote/dist/font/summernoted41d.eot]
[webapplayers.com/homer_admin-v2.0/light-shadow/images/p1.jpg]
[webapplayers.com/homer_admin-v2.0/light-shadow/images/gallery/1.jpg]
[webapplayers.com/homer_admin-v2.0/light-shadow/images/gallery/1s.jpg]
[webapplayers.com/homer_admin-v2.0/light-shadow/vendor/summernote/dist/summernote.min.js]
[webapplayers.com/homer_admin-v2.0/light-shadow/vendor/summernote/dist/font/summernotef534.woff]
[webapplayers.com/homer_admin-v2.0/light-shadow/vendor/summernote/dist/summernote.css]
[webapplayers.com/homer_admin-v2.0/light-shadow/vendor/summernote/dist/font/summernotef534.ttf]
[webapplayers.com/homer_admin-v2.0/light-shadow/images/gallery/2.jpg]
[webapplayers.com/homer_admin-v2.0/light-shadow/vendor/summernote/fonts/glyphicons-halflings-regular.1d0.delayed]
[webapplayers.com/homer_admin-v2.0/light-shadow/images/gallery/2s.jpg]
[webapplayers.com/homer_admin-v2.0/light-shadow/vendor/summernote/fonts/glyphicons-halflings-regulard41d.eot]
[webapplayers.com/homer_admin-v2.0/light-shadow/images/gallery/3.jpg]
[webapplayers.com/homer_admin-v2.0/light-shadow/images/gallery/3s.jpg]
[webapplayers.com/homer_admin-v2.0/light-shadow/images/gallery/4.jpg]
[webapplayers.com/homer_admin-v2.0/light-shadow/vendor/summernote/fonts/glyphicons-halflings-regular.1d2.delayed]
[webapplayers.com/homer_admin-v2.0/light-shadow/images/gallery/4s.jpg]
[webapplayers.com/homer_admin-v2.0/light-shadow/vendor/summernote/fonts/glyphicons-halflings-regular.ttf]
[webapplayers.com/homer_admin-v2.0/light-shadow/images/gallery/5.jpg]
[webapplayers.com/homer_admin-v2.0/light-shadow/images/gallery/5s.jpg]
[webapplayers.com/homer_admin-v2.0/light-shadow/images/gallery/6.jpg]
[webapplayers.com/homer_admin-v2.0/light-shadow/images/gallery/7.jpg]
[webapplayers.com/homer_admin-v2.0/light-shadow/images/gallery/6s.jpg]
[webapplayers.com/homer_admin-v2.0/light-shadow/vendor/summernote/fonts/glyphicons-halflings-regular.1d4.delayed]
[webapplayers.com/homer_admin-v2.0/light-shadow/images/gallery/7s.jpg]
[webapplayers.com/homer_admin-v2.0/light-shadow/vendor/summernote/dist/summernote-bs3.css]
[webapplayers.com/homer_admin-v2.0/light-shadow/images/loading-bars.svg]
[webapplayers.com/homer_admin-v2.0/light-shadow/images/gallery/8.jpg]
[webapplayers.com/homer_admin-v2.0/light-shadow/images/gallery/8s.jpg]
[webapplayers.com/homer_admin-v2.0/light-shadow/vendor/blueimp-gallery/img/loading.gif]
[webapplayers.com/homer_admin-v2.0/light-shadow/images/gallery/9.jpg]
[webapplayers.com/homer_admin-v2.0/light-shadow/images/gallery/9s.jpg]
[webapplayers.com/homer_admin-v2.0/light-shadow/images/gallery/10.jpg]
[webapplayers.com/homer_admin-v2.0/light-shadow/images/gallery/10s.jpg]
[webapplayers.com/homer_admin-v2.0/light-shadow/vendor/blueimp-gallery/img/error.png]
[webapplayers.com/homer_admin-v2.0/light-shadow/vendor/blueimp-gallery/js/jquery.blueimp-gallery.min.js]
[webapplayers.com/homer_admin-v2.0/light-shadow/vendor/blueimp-gallery/img/play-pause.png]
[webapplayers.com/homer_admin-v2.0/light-shadow/vendor/blueimp-gallery/img/error.svg]
[webapplayers.com/homer_admin-v2.0/light-shadow/vendor/moment/min/moment.min.js]
[webapplayers.com/homer_admin-v2.0/light-shadow/vendor/blueimp-gallery/img/play-pause.svg]
[webapplayers.com/homer_admin-v2.0/light-shadow/vendor/blueimp-gallery/img/video-play.png]
[webapplayers.com/homer_admin-v2.0/light-shadow/vendor/blueimp-gallery/css/blueimp-gallery.min.css]
[webapplayers.com/homer_admin-v2.0/light-shadow/vendor/fullcalendar/dist/fullcalendar.print.css]
[webapplayers.com/homer_admin-v2.0/light-shadow/vendor/blueimp-gallery/img/video-play.svg]
[webapplayers.com/homer_admin-v2.0/light-shadow/vendor/fullcalendar/dist/fullcalendar.min.css]
[webapplayers.com/homer_admin-v2.0/light-shadow/vendor/bootstrap-touchspin/dist/jquery.bootstrap-touchspin.min.js]
[webapplayers.com/homer_admin-v2.0/light-shadow/vendor/fullcalendar/dist/fullcalendar.min.js]
[webapplayers.com/homer_admin-v2.0/light-shadow/vendor/moment/moment.js]
[webapplayers.com/homer_admin-v2.0/light-shadow/vendor/select2-3.5.2/select2.png]
[webapplayers.com/homer_admin-v2.0/light-shadow/vendor/select2-3.5.2/select2.min.js]
[webapplayers.com/homer_admin-v2.0/light-shadow/vendor/select2-3.5.2/select2-spinner.gif]
[webapplayers.com/homer_admin-v2.0/light-shadow/vendor/select2-3.5.2/select2.css]
[webapplayers.com/homer_admin-v2.0/light-shadow/vendor/select2-3.5.2/select2x2.png]
[webapplayers.com/homer_admin-v2.0/light-shadow/vendor/select2-bootstrap/select2-bootstrap.css]
[webapplayers.com/homer_admin-v2.0/light-shadow/vendor/bootstrap-touchspin/dist/jquery.bootstrap-touchspin.min.css]
[webapplayers.com/homer_admin-v2.0/light-shadow/vendor/bootstrap-datepicker-master/dist/css/bootstrap-datepicker3.min.css]
[webapplayers.com/homer_admin-v2.0/light-shadow/vendor/chartist/dist/chartist.min.js]
[webapplayers.com/homer_admin-v2.0/light-shadow/vendor/chartist/custom/chartist.css]
[webapplayers.com/homer_admin-v2.0/light-shadow/vendor/bootstrap-datepicker-master/dist/js/bootstrap-datepicker.min.js]
[webapplayers.com/homer_admin-v2.0/light-shadow/vendor/c3/c3.min.css]
[webapplayers.com/homer_admin-v2.0/light-shadow/vendor/c3/c3.min.js]
[webapplayers.com/homer_admin-v2.0/light-shadow/vendor/datatables.net-bs/css/dataTables.bootstrap.min.css]
[webapplayers.com/homer_admin-v2.0/light-shadow/vendor/datatables.net-bs/js/dataTables.bootstrap.min.js]
[webapplayers.com/homer_admin-v2.0/light-shadow/vendor/fooTable/css/fonts/footable.eot]
[webapplayers.com/homer_admin-v2.0/light-shadow/vendor/d3/d3.min.js]
[webapplayers.com/homer_admin-v2.0/light-shadow/vendor/datatables/media/js/jquery.dataTables.min.js]
[webapplayers.com/homer_admin-v2.0/light-shadow/vendor/fooTable/dist/footable.all.min.js]
[webapplayers.com/homer_admin-v2.0/light-shadow/vendor/fooTable/css/fonts/footable.woff]
[webapplayers.com/homer_admin-v2.0/light-shadow/vendor/fooTable/css/fonts/footable.ttf]
[webapplayers.com/homer_admin-v2.0/light-shadow/vendor/fooTable/css/footable.core.min.css]
[webapplayers.com/homer_admin-v2.0/light-shadow/vendor/xeditable/bootstrap3-editable/img/loading.gif]
[webapplayers.com/homer_admin-v2.0/light-shadow/vendor/fooTable/css/fonts/footable.svg]
[webapplayers.com/homer_admin-v2.0/light-shadow/vendor/xeditable/bootstrap3-editable/js/bootstrap-editable.min.js]
[webapplayers.com/homer_admin-v2.0/light-shadow/vendor/clockpicker/dist/bootstrap-clockpicker.min.js]
[webapplayers.com/homer_admin-v2.0/light-shadow/vendor/xeditable/bootstrap3-editable/css/bootstrap-editable.css]
[webapplayers.com/homer_admin-v2.0/light-shadow/vendor/xeditable/bootstrap3-editable/img/clear.png]
[webapplayers.com/homer_admin-v2.0/light-shadow/vendor/clockpicker/dist/bootstrap-clockpicker.min.css]
[webapplayers.com/homer_admin-v2.0/light-shadow/vendor/eonasdan-bootstrap-datetimepicker/build/css/bootstrap-datetimepicker.min.css]
[webapplayers.com/homer_admin-v2.0/vendor/fontawesome/fonts/fontawesome-webfont3e6e.svg]
[webapplayers.com/homer_admin-v2.0/vendor/bootstrap/dist/fonts/glyphicons-halflings-regular.eot]
[webapplayers.com/homer_admin-v2.0/vendor/bootstrap/dist/fonts/glyphicons-halflings-regulard41d.eot]
[webapplayers.com/homer_admin-v2.0/vendor/bootstrap/dist/fonts/glyphicons-halflings-regular.woff2]
[webapplayers.com/homer_admin-v2.0/vendor/bootstrap/dist/fonts/glyphicons-halflings-regular.svg]
[webapplayers.com/homer_admin-v2.0/fonts/pe-icon-7-stroke/fonts/Pe-icon-7-strokea93c.eot]
[webapplayers.com/homer_admin-v2.0/fonts/pe-icon-7-stroke/fonts/Pe-icon-7-strokea93c.svg]
[webapplayers.com/homer_admin-v2.0/styles/img/green.png]
[webapplayers.com/homer_admin-v2.0/light-shadow/vendor/jquery-validation/jquery.validate.min.js]
[webapplayers.com/homer_admin-v2.0/light-shadow/vendor/eonasdan-bootstrap-datetimepicker/build/js/bootstrap-datetimepicker.min.js]
[webapplayers.com/homer_admin-v2.0/light-shadow/vendor/fontawesome/fonts/fontawesome-webfont3e6e.svg]
[webapplayers.com/homer_admin-v2.0/light-shadow/vendor/bootstrap/dist/fonts/glyphicons-halflings-regular.eot]
[webapplayers.com/homer_admin-v2.0/light-shadow/vendor/bootstrap/dist/fonts/glyphicons-halflings-regular.woff2]
[webapplayers.com/homer_admin-v2.0/light-shadow/vendor/bootstrap/dist/fonts/glyphicons-halflings-regulard41d.eot]
[webapplayers.com/homer_admin-v2.0/light-shadow/vendor/bootstrap/dist/fonts/glyphicons-halflings-regular.svg]
[webapplayers.com/homer_admin-v2.0/light-shadow/vendor/bootstrap/dist/fonts/glyphicons-halflings-regular.woff]
[webapplayers.com/homer_admin-v2.0/light-shadow/fonts/pe-icon-7-stroke/fonts/Pe-icon-7-strokea93c.eot]
[webapplayers.com/homer_admin-v2.0/light-shadow/fonts/pe-icon-7-stroke/fonts/Pe-icon-7-strokea93c.svg]
[webapplayers.com/homer_admin-v2.0/light-shadow/styles/img/green.png]
[webapplayers.com/homer_admin-v2.0/light-shadow/styles/img/green@2x.png]
[webapplayers.com/homer_admin-v2.0/light-shadow/images/landing/header.jpg]
[webapplayers.com/homer_admin-v2.0/vendor/summernote/dist/font/summernotef534.eot]
[webapplayers.com/homer_admin-v2.0/vendor/summernote/dist/font/summernoted41d.eot]
[webapplayers.com/homer_admin-v2.0/vendor/summernote/dist/font/summernotef534.woff]
[webapplayers.com/homer_admin-v2.0/vendor/jquery-ui/themes/base/core.css]
[webapplayers.com/homer_admin-v2.0/vendor/summernote/dist/font/summernotef534.ttf]
[webapplayers.com/homer_admin-v2.0/vendor/blueimp-gallery/img/loading.gif]
[webapplayers.com/homer_admin-v2.0/vendor/jquery-ui/themes/base/accordion.css]
[webapplayers.com/homer_admin-v2.0/vendor/blueimp-gallery/img/error.png]
[webapplayers.com/homer_admin-v2.0/vendor/blueimp-gallery/img/play-pause.png]
[webapplayers.com/homer_admin-v2.0/vendor/jquery-ui/themes/base/autocomplete.css]
[webapplayers.com/homer_admin-v2.0/vendor/blueimp-gallery/img/video-play.png]
[webapplayers.com/homer_admin-v2.0/vendor/jquery-ui/themes/base/button.css]
[webapplayers.com/homer_admin-v2.0/vendor/select2-3.5.2/select2.png]
[webapplayers.com/homer_admin-v2.0/vendor/jquery-ui/themes/base/datepicker.css]
[webapplayers.com/homer_admin-v2.0/vendor/select2-3.5.2/select2x2.png]
[webapplayers.com/homer_admin-v2.0/vendor/select2-3.5.2/select2-spinner.gif]
[webapplayers.com/homer_admin-v2.0/vendor/fooTable/css/fonts/footable.eot]
[webapplayers.com/homer_admin-v2.0/vendor/jquery-ui/themes/base/dialog.css]
[webapplayers.com/homer_admin-v2.0/vendor/fooTable/css/fonts/footabled41d.eot]
[webapplayers.com/homer_admin-v2.0/vendor/fooTable/css/fonts/footable.woff]
[webapplayers.com/homer_admin-v2.0/vendor/jquery-ui/themes/base/draggable.css]
[webapplayers.com/homer_admin-v2.0/vendor/fooTable/css/fonts/footable.ttf]
[webapplayers.com/homer_admin-v2.0/vendor/xeditable/bootstrap3-editable/img/loading.gif]
[webapplayers.com/homer_admin-v2.0/vendor/xeditable/bootstrap3-editable/img/clear.png]
[webapplayers.com/homer_admin-v2.0/light-shadow/vendor/summernote/dist/font/summernoted41d.eot]
[webapplayers.com/homer_admin-v2.0/light-shadow/vendor/summernote/dist/font/summernotef534.eot]
[webapplayers.com/homer_admin-v2.0/light-shadow/vendor/summernote/dist/font/summernotef534.woff]
[webapplayers.com/homer_admin-v2.0/vendor/jquery-ui/themes/base/menu.css]
[webapplayers.com/homer_admin-v2.0/light-shadow/vendor/summernote/dist/font/summernotef534.ttf]
[webapplayers.com/homer_admin-v2.0/light-shadow/vendor/blueimp-gallery/img/loading.gif]
[webapplayers.com/homer_admin-v2.0/vendor/jquery-ui/themes/base/progressbar.css]
[webapplayers.com/homer_admin-v2.0/light-shadow/vendor/blueimp-gallery/img/error.png]
[webapplayers.com/homer_admin-v2.0/vendor/jquery-ui/themes/base/resizable.css]
[webapplayers.com/homer_admin-v2.0/vendor/jquery-ui/themes/base/selectable.css]
[webapplayers.com/homer_admin-v2.0/vendor/jquery-ui/themes/base/selectmenu.css]
[webapplayers.com/homer_admin-v2.0/vendor/jquery-ui/themes/base/sortable.css]
[webapplayers.com/homer_admin-v2.0/vendor/jquery-ui/themes/base/slider.css]
[webapplayers.com/homer_admin-v2.0/light-shadow/vendor/blueimp-gallery/img/play-pause.png]
[webapplayers.com/homer_admin-v2.0/vendor/jquery-ui/themes/base/spinner.css]
[webapplayers.com/homer_admin-v2.0/light-shadow/vendor/blueimp-gallery/img/video-play.png]
[webapplayers.com/homer_admin-v2.0/light-shadow/vendor/select2-3.5.2/select2.png]
[webapplayers.com/homer_admin-v2.0/vendor/jquery-ui/themes/base/tabs.css]
[webapplayers.com/homer_admin-v2.0/light-shadow/vendor/select2-3.5.2/select2-spinner.gif]
[webapplayers.com/homer_admin-v2.0/vendor/jquery-ui/themes/base/base.css]
[webapplayers.com/homer_admin-v2.0/light-shadow/vendor/select2-3.5.2/select2x2.png]
[webapplayers.com/homer_admin-v2.0/light-shadow/vendor/fooTable/css/fonts/footable.eot]
[webapplayers.com/homer_admin-v2.0/vendor/jquery-ui/themes/base/tooltip.css]
[webapplayers.com/homer_admin-v2.0/light-shadow/vendor/fooTable/css/fonts/footabled41d.eot]
[webapplayers.com/homer_admin-v2.0/light-shadow/vendor/fooTable/css/fonts/footable.woff]
[webapplayers.com/homer_admin-v2.0/light-shadow/vendor/fooTable/css/fonts/footable.ttf]
[webapplayers.com/homer_admin-v2.0/vendor/jquery-ui/themes/base/images/ui-bg_flat_75_ffffff_40x100.png]
[webapplayers.com/homer_admin-v2.0/light-shadow/vendor/xeditable/bootstrap3-editable/img/clear.png]
[webapplayers.com/homer_admin-v2.0/vendor/jquery-ui/themes/base/images/ui-bg_highlight-soft_75_cccccc_1x100.1f7.delayed]
[webapplayers.com/homer_admin-v2.0/vendor/jquery-ui/themes/base/images/ui-bg_flat_75_ffffff_40x100.png]
[webapplayers.com/homer_admin-v2.0/vendor/jquery-ui/themes/base/images/ui-bg_glass_75_e6e6e6_1x400.png]
[webapplayers.com/homer_admin-v2.0/vendor/jquery-ui/themes/base/images/ui-bg_glass_75_dadada_1x400.png]
[webapplayers.com/homer_admin-v2.0/vendor/jquery-ui/themes/base/images/ui-bg_glass_65_ffffff_1x400.png]
[webapplayers.com/homer_admin-v2.0/vendor/jquery-ui/themes/base/images/ui-bg_glass_75_dadada_1x400.png]
[webapplayers.com/homer_admin-v2.0/vendor/jquery-ui/themes/base/images/ui-bg_glass_55_fbf9ee_1x400.png]
[webapplayers.com/homer_admin-v2.0/vendor/jquery-ui/themes/base/images/ui-bg_glass_95_fef1ec_1x400.png]
[webapplayers.com/homer_admin-v2.0/vendor/jquery-ui/themes/base/images/ui-icons_222222_256x240.png]
[webapplayers.com/homer_admin-v2.0/vendor/jquery-ui/themes/base/images/ui-bg_glass_95_fef1ec_1x400.png]
[webapplayers.com/homer_admin-v2.0/vendor/jquery-ui/themes/base/images/ui-icons_888888_256x240.png]
[webapplayers.com/homer_admin-v2.0/vendor/jquery-ui/themes/base/images/ui-icons_222222_256x240.png]
[webapplayers.com/homer_admin-v2.0/vendor/jquery-ui/themes/base/images/ui-icons_454545_256x240.png]
[webapplayers.com/homer_admin-v2.0/vendor/jquery-ui/themes/base/images/ui-icons_888888_256x240.png]
[webapplayers.com/homer_admin-v2.0/vendor/jquery-ui/themes/base/images/ui-icons_2e83ff_256x240.png]
[webapplayers.com/homer_admin-v2.0/vendor/jquery-ui/themes/base/images/ui-icons_2e83ff_256x240.png]
[webapplayers.com/homer_admin-v2.0/vendor/jquery-ui/themes/base/images/ui-icons_cd0a0a_256x240.png]
[webapplayers.com/homer_admin-v2.0/vendor/jquery-ui/themes/base/theme.css]
[webapplayers.com/homer_admin-v2.0/vendor/summernote/fonts/glyphicons-halflings-regular.html]
[webapplayers.com/homer_admin-v2.0/vendor/summernote/fonts/glyphicons-halflings-regulard41d.html]
[webapplayers.com/homer_admin-v2.0/vendor/summernote/fonts/glyphicons-halflings-regular-2.html]
[webapplayers.com/homer_admin-v2.0/vendor/summernote/fonts/glyphicons-halflings-regular-3.html]
[webapplayers.com/homer_admin-v2.0/vendor/summernote/fonts/glyphicons-halflings-regular-4.html]
[webapplayers.com/homer_admin-v2.0/vendor/blueimp-gallery/img/error.svg]
[webapplayers.com/homer_admin-v2.0/vendor/blueimp-gallery/img/play-pause.svg]
[webapplayers.com/homer_admin-v2.0/vendor/blueimp-gallery/img/video-play.svg]
[webapplayers.com/homer_admin-v2.0/vendor/fooTable/css/fonts/footable.svg]
[webapplayers.com/homer_admin-v2.0/vendor/jquery-ui/themes/base/images/ui-bg_flat_0_aaaaaa_40x100.png]
[webapplayers.com/homer_admin-v2.0/light-shadow/vendor/jquery-ui/themes/base/core.css]
[webapplayers.com/homer_admin-v2.0/light-shadow/vendor/jquery-ui/themes/base/accordion.css]
[webapplayers.com/homer_admin-v2.0/light-shadow/vendor/jquery-ui/themes/base/autocomplete.css]
[webapplayers.com/homer_admin-v2.0/light-shadow/vendor/jquery-ui/themes/base/button.css]
[webapplayers.com/homer_admin-v2.0/light-shadow/vendor/jquery-ui/themes/base/datepicker.css]
[webapplayers.com/homer_admin-v2.0/light-shadow/vendor/jquery-ui/themes/base/dialog.css]
[webapplayers.com/homer_admin-v2.0/light-shadow/vendor/jquery-ui/themes/base/draggable.css]
[webapplayers.com/homer_admin-v2.0/light-shadow/vendor/jquery-ui/themes/base/menu.css]
[webapplayers.com/homer_admin-v2.0/light-shadow/vendor/jquery-ui/themes/base/progressbar.css]
[webapplayers.com/homer_admin-v2.0/light-shadow/vendor/jquery-ui/themes/base/resizable.css]
[webapplayers.com/homer_admin-v2.0/light-shadow/vendor/jquery-ui/themes/base/selectable.css]
[webapplayers.com/homer_admin-v2.0/light-shadow/vendor/jquery-ui/themes/base/selectmenu.css]
[webapplayers.com/homer_admin-v2.0/light-shadow/vendor/jquery-ui/themes/base/sortable.css]
[webapplayers.com/homer_admin-v2.0/light-shadow/vendor/jquery-ui/themes/base/slider.css]
[webapplayers.com/homer_admin-v2.0/light-shadow/vendor/jquery-ui/themes/base/spinner.css]
[webapplayers.com/homer_admin-v2.0/light-shadow/vendor/jquery-ui/themes/base/base.css]
[webapplayers.com/homer_admin-v2.0/light-shadow/vendor/jquery-ui/themes/base/tabs.css]
[webapplayers.com/homer_admin-v2.0/light-shadow/vendor/jquery-ui/themes/base/tooltip.css]
[webapplayers.com/homer_admin-v2.0/light-shadow/vendor/jquery-ui/themes/base/images/ui-bg_flat_75_ffffff_40x100.png]
[webapplayers.com/homer_admin-v2.0/light-shadow/vendor/jquery-ui/themes/base/images/ui-bg_highlight-soft_75_cccccc_1x100.png]
[webapplayers.com/homer_admin-v2.0/light-shadow/vendor/jquery-ui/themes/base/images/ui-bg_glass_75_e6e6e6_1x400.png]
[webapplayers.com/homer_admin-v2.0/light-shadow/vendor/jquery-ui/themes/base/images/ui-bg_glass_75_dadada_1x400.png]
[webapplayers.com/homer_admin-v2.0/light-shadow/vendor/jquery-ui/themes/base/images/ui-bg_glass_65_ffffff_1x400.png]
[webapplayers.com/homer_admin-v2.0/light-shadow/vendor/jquery-ui/themes/base/images/ui-bg_glass_55_fbf9ee_1x400.png]
[webapplayers.com/homer_admin-v2.0/light-shadow/vendor/jquery-ui/themes/base/images/ui-bg_glass_95_fef1ec_1x400.png]
[webapplayers.com/homer_admin-v2.0/light-shadow/vendor/jquery-ui/themes/base/images/ui-icons_222222_256x240.png]
[webapplayers.com/homer_admin-v2.0/light-shadow/vendor/jquery-ui/themes/base/images/ui-icons_888888_256x240.png]
[webapplayers.com/homer_admin-v2.0/light-shadow/vendor/jquery-ui/themes/base/images/ui-icons_454545_256x240.png]
[webapplayers.com/homer_admin-v2.0/light-shadow/vendor/jquery-ui/themes/base/images/ui-icons_2e83ff_256x240.png]
[webapplayers.com/homer_admin-v2.0/light-shadow/vendor/jquery-ui/themes/base/images/ui-icons_cd0a0a_256x240.png]
[webapplayers.com/homer_admin-v2.0/light-shadow/vendor/jquery-ui/themes/base/images/ui-bg_highlight-soft_75_cccccc_1x100.png]
[webapplayers.com/homer_admin-v2.0/light-shadow/vendor/jquery-ui/themes/base/images/ui-bg_glass_75_e6e6e6_1x400.png]
[webapplayers.com/homer_admin-v2.0/light-shadow/vendor/jquery-ui/themes/base/images/ui-bg_glass_75_dadada_1x400.png]
[webapplayers.com/homer_admin-v2.0/light-shadow/vendor/jquery-ui/themes/base/images/ui-bg_flat_0_aaaaaa_40x100.png]
[webapplayers.com/homer_admin-v2.0/light-shadow/vendor/jquery-ui/themes/base/theme.css]
[webapplayers.com/homer_admin-v2.0/light-shadow/vendor/summernote/fonts/glyphicons-halflings-regular.html]
[webapplayers.com/homer_admin-v2.0/light-shadow/vendor/summernote/fonts/glyphicons-halflings-regulard41d.html]
[webapplayers.com/homer_admin-v2.0/light-shadow/vendor/jquery-ui/themes/base/images/ui-bg_glass_55_fbf9ee_1x400.png]
[webapplayers.com/homer_admin-v2.0/light-shadow/vendor/jquery-ui/themes/base/images/ui-bg_glass_65_ffffff_1x400.png]
[webapplayers.com/homer_admin-v2.0/light-shadow/vendor/summernote/fonts/glyphicons-halflings-regular-2.html]
[webapplayers.com/homer_admin-v2.0/light-shadow/vendor/summernote/fonts/glyphicons-halflings-regular-3.html]
[webapplayers.com/homer_admin-v2.0/light-shadow/vendor/jquery-ui/themes/base/images/ui-bg_glass_95_fef1ec_1x400.png]
[webapplayers.com/homer_admin-v2.0/light-shadow/vendor/summernote/fonts/glyphicons-halflings-regular-4.html]
[webapplayers.com/homer_admin-v2.0/light-shadow/vendor/jquery-ui/themes/base/images/ui-icons_222222_256x240.png]
[webapplayers.com/homer_admin-v2.0/light-shadow/vendor/blueimp-gallery/img/error.svg]
[webapplayers.com/homer_admin-v2.0/light-shadow/vendor/jquery-ui/themes/base/images/ui-icons_888888_256x240.png]
[webapplayers.com/homer_admin-v2.0/light-shadow/vendor/blueimp-gallery/img/play-pause.svg]
[webapplayers.com/homer_admin-v2.0/light-shadow/vendor/jquery-ui/themes/base/images/ui-icons_454545_256x240.png]
[webapplayers.com/homer_admin-v2.0/light-shadow/vendor/blueimp-gallery/img/video-play.svg]
[webapplayers.com/homer_admin-v2.0/light-shadow/vendor/jquery-ui/themes/base/images/ui-icons_2e83ff_256x240.png]
[webapplayers.com/homer_admin-v2.0/light-shadow/vendor/fooTable/css/fonts/footable.svg]
[webapplayers.com/homer_admin-v2.0/vendor/jquery-ui/themes/base/core.css]
[webapplayers.com/homer_admin-v2.0/vendor/jquery-ui/themes/base/accordion.css]
[webapplayers.com/homer_admin-v2.0/vendor/jquery-ui/themes/base/autocomplete.css]
[webapplayers.com/homer_admin-v2.0/vendor/jquery-ui/themes/base/button.css]
[webapplayers.com/homer_admin-v2.0/vendor/jquery-ui/themes/base/datepicker.css]
[webapplayers.com/homer_admin-v2.0/vendor/jquery-ui/themes/base/dialog.css]
[webapplayers.com/homer_admin-v2.0/vendor/jquery-ui/themes/base/draggable.css]
[webapplayers.com/homer_admin-v2.0/vendor/jquery-ui/themes/base/menu.css]
[webapplayers.com/homer_admin-v2.0/vendor/jquery-ui/themes/base/progressbar.css]
[webapplayers.com/homer_admin-v2.0/vendor/jquery-ui/themes/base/resizable.css]
[webapplayers.com/homer_admin-v2.0/vendor/jquery-ui/themes/base/selectable.css]
[webapplayers.com/homer_admin-v2.0/vendor/jquery-ui/themes/base/selectmenu.css]
[webapplayers.com/homer_admin-v2.0/vendor/jquery-ui/themes/base/sortable.css]
[webapplayers.com/homer_admin-v2.0/vendor/jquery-ui/themes/base/slider.css]
[webapplayers.com/homer_admin-v2.0/vendor/jquery-ui/themes/base/spinner.css]
[webapplayers.com/homer_admin-v2.0/vendor/jquery-ui/themes/base/tabs.css]
[webapplayers.com/homer_admin-v2.0/vendor/jquery-ui/themes/base/tooltip.css]
[webapplayers.com/homer_admin-v2.0/light-shadow/vendor/jquery-ui/themes/base/core.css]
[webapplayers.com/homer_admin-v2.0/light-shadow/vendor/jquery-ui/themes/base/accordion.css]
[webapplayers.com/homer_admin-v2.0/light-shadow/vendor/jquery-ui/themes/base/autocomplete.css]
[webapplayers.com/homer_admin-v2.0/light-shadow/vendor/jquery-ui/themes/base/button.css]
[webapplayers.com/homer_admin-v2.0/light-shadow/vendor/jquery-ui/themes/base/datepicker.css]
[webapplayers.com/homer_admin-v2.0/light-shadow/vendor/jquery-ui/themes/base/dialog.css]
[webapplayers.com/homer_admin-v2.0/light-shadow/vendor/jquery-ui/themes/base/draggable.css]
[webapplayers.com/homer_admin-v2.0/light-shadow/vendor/jquery-ui/themes/base/menu.css]
[webapplayers.com/homer_admin-v2.0/light-shadow/vendor/jquery-ui/themes/base/progressbar.css]
[webapplayers.com/homer_admin-v2.0/light-shadow/vendor/jquery-ui/themes/base/resizable.css]
[webapplayers.com/homer_admin-v2.0/light-shadow/vendor/jquery-ui/themes/base/selectable.css]
[webapplayers.com/homer_admin-v2.0/light-shadow/vendor/jquery-ui/themes/base/selectmenu.css]
[webapplayers.com/homer_admin-v2.0/light-shadow/vendor/jquery-ui/themes/base/sortable.css]
[webapplayers.com/homer_admin-v2.0/light-shadow/vendor/jquery-ui/themes/base/slider.css]
[webapplayers.com/homer_admin-v2.0/light-shadow/vendor/jquery-ui/themes/base/spinner.css]
[webapplayers.com/homer_admin-v2.0/light-shadow/vendor/jquery-ui/themes/base/tabs.css]
[webapplayers.com/homer_admin-v2.0/light-shadow/vendor/jquery-ui/themes/base/tooltip.css]
